Archive member included to satisfy reference by file (symbol)

c:/ac6/systemworkbench/plugins/fr.ac6.mcu.externaltools.arm-none.win32_1.16.0.201807130628/tools/compiler/bin/../lib/gcc/arm-none-eabi/7.2.1/../../../../arm-none-eabi/lib/thumb/v7e-m/fpv4-sp/hard\libm.a(lib_a-s_cos.o)
                              Src/tracking.o (cos)
c:/ac6/systemworkbench/plugins/fr.ac6.mcu.externaltools.arm-none.win32_1.16.0.201807130628/tools/compiler/bin/../lib/gcc/arm-none-eabi/7.2.1/../../../../arm-none-eabi/lib/thumb/v7e-m/fpv4-sp/hard\libm.a(lib_a-s_sin.o)
                              Src/tracking.o (sin)
c:/ac6/systemworkbench/plugins/fr.ac6.mcu.externaltools.arm-none.win32_1.16.0.201807130628/tools/compiler/bin/../lib/gcc/arm-none-eabi/7.2.1/../../../../arm-none-eabi/lib/thumb/v7e-m/fpv4-sp/hard\libm.a(lib_a-e_rem_pio2.o)
                              c:/ac6/systemworkbench/plugins/fr.ac6.mcu.externaltools.arm-none.win32_1.16.0.201807130628/tools/compiler/bin/../lib/gcc/arm-none-eabi/7.2.1/../../../../arm-none-eabi/lib/thumb/v7e-m/fpv4-sp/hard\libm.a(lib_a-s_cos.o) (__ieee754_rem_pio2)
c:/ac6/systemworkbench/plugins/fr.ac6.mcu.externaltools.arm-none.win32_1.16.0.201807130628/tools/compiler/bin/../lib/gcc/arm-none-eabi/7.2.1/../../../../arm-none-eabi/lib/thumb/v7e-m/fpv4-sp/hard\libm.a(lib_a-k_cos.o)
                              c:/ac6/systemworkbench/plugins/fr.ac6.mcu.externaltools.arm-none.win32_1.16.0.201807130628/tools/compiler/bin/../lib/gcc/arm-none-eabi/7.2.1/../../../../arm-none-eabi/lib/thumb/v7e-m/fpv4-sp/hard\libm.a(lib_a-s_cos.o) (__kernel_cos)
c:/ac6/systemworkbench/plugins/fr.ac6.mcu.externaltools.arm-none.win32_1.16.0.201807130628/tools/compiler/bin/../lib/gcc/arm-none-eabi/7.2.1/../../../../arm-none-eabi/lib/thumb/v7e-m/fpv4-sp/hard\libm.a(lib_a-k_rem_pio2.o)
                              c:/ac6/systemworkbench/plugins/fr.ac6.mcu.externaltools.arm-none.win32_1.16.0.201807130628/tools/compiler/bin/../lib/gcc/arm-none-eabi/7.2.1/../../../../arm-none-eabi/lib/thumb/v7e-m/fpv4-sp/hard\libm.a(lib_a-e_rem_pio2.o) (__kernel_rem_pio2)
c:/ac6/systemworkbench/plugins/fr.ac6.mcu.externaltools.arm-none.win32_1.16.0.201807130628/tools/compiler/bin/../lib/gcc/arm-none-eabi/7.2.1/../../../../arm-none-eabi/lib/thumb/v7e-m/fpv4-sp/hard\libm.a(lib_a-k_sin.o)
                              c:/ac6/systemworkbench/plugins/fr.ac6.mcu.externaltools.arm-none.win32_1.16.0.201807130628/tools/compiler/bin/../lib/gcc/arm-none-eabi/7.2.1/../../../../arm-none-eabi/lib/thumb/v7e-m/fpv4-sp/hard\libm.a(lib_a-s_cos.o) (__kernel_sin)
c:/ac6/systemworkbench/plugins/fr.ac6.mcu.externaltools.arm-none.win32_1.16.0.201807130628/tools/compiler/bin/../lib/gcc/arm-none-eabi/7.2.1/../../../../arm-none-eabi/lib/thumb/v7e-m/fpv4-sp/hard\libm.a(lib_a-s_fabs.o)
                              c:/ac6/systemworkbench/plugins/fr.ac6.mcu.externaltools.arm-none.win32_1.16.0.201807130628/tools/compiler/bin/../lib/gcc/arm-none-eabi/7.2.1/../../../../arm-none-eabi/lib/thumb/v7e-m/fpv4-sp/hard\libm.a(lib_a-e_rem_pio2.o) (fabs)
c:/ac6/systemworkbench/plugins/fr.ac6.mcu.externaltools.arm-none.win32_1.16.0.201807130628/tools/compiler/bin/../lib/gcc/arm-none-eabi/7.2.1/../../../../arm-none-eabi/lib/thumb/v7e-m/fpv4-sp/hard\libm.a(lib_a-s_floor.o)
                              c:/ac6/systemworkbench/plugins/fr.ac6.mcu.externaltools.arm-none.win32_1.16.0.201807130628/tools/compiler/bin/../lib/gcc/arm-none-eabi/7.2.1/../../../../arm-none-eabi/lib/thumb/v7e-m/fpv4-sp/hard\libm.a(lib_a-k_rem_pio2.o) (floor)
c:/ac6/systemworkbench/plugins/fr.ac6.mcu.externaltools.arm-none.win32_1.16.0.201807130628/tools/compiler/bin/../lib/gcc/arm-none-eabi/7.2.1/../../../../arm-none-eabi/lib/thumb/v7e-m/fpv4-sp/hard\libm.a(lib_a-s_scalbn.o)
                              c:/ac6/systemworkbench/plugins/fr.ac6.mcu.externaltools.arm-none.win32_1.16.0.201807130628/tools/compiler/bin/../lib/gcc/arm-none-eabi/7.2.1/../../../../arm-none-eabi/lib/thumb/v7e-m/fpv4-sp/hard\libm.a(lib_a-k_rem_pio2.o) (scalbn)
c:/ac6/systemworkbench/plugins/fr.ac6.mcu.externaltools.arm-none.win32_1.16.0.201807130628/tools/compiler/bin/../lib/gcc/arm-none-eabi/7.2.1/../../../../arm-none-eabi/lib/thumb/v7e-m/fpv4-sp/hard\libm.a(lib_a-s_copysign.o)
                              c:/ac6/systemworkbench/plugins/fr.ac6.mcu.externaltools.arm-none.win32_1.16.0.201807130628/tools/compiler/bin/../lib/gcc/arm-none-eabi/7.2.1/../../../../arm-none-eabi/lib/thumb/v7e-m/fpv4-sp/hard\libm.a(lib_a-s_scalbn.o) (copysign)
c:/ac6/systemworkbench/plugins/fr.ac6.mcu.externaltools.arm-none.win32_1.16.0.201807130628/tools/compiler/bin/../lib/gcc/arm-none-eabi/7.2.1/thumb/v7e-m/fpv4-sp/hard\libgcc.a(_arm_addsubdf3.o)
                              Src/tracking.o (__aeabi_dsub)
c:/ac6/systemworkbench/plugins/fr.ac6.mcu.externaltools.arm-none.win32_1.16.0.201807130628/tools/compiler/bin/../lib/gcc/arm-none-eabi/7.2.1/thumb/v7e-m/fpv4-sp/hard\libgcc.a(_arm_muldivdf3.o)
                              Src/controlVELOCITY.o (__aeabi_dmul)
[...]
Memory Configuration

Name             Origin             Length             Attributes
RAM              0x20000000         0x00020000         xrw
FLASH            0x08000000         0x00080000         xr
*default*        0x00000000         0xffffffff

Linker script and memory map

LOAD c:/ac6/systemworkbench/plugins/fr.ac6.mcu.externaltools.arm-none.win32_1.16.0.201807130628/tools/compiler/bin/../lib/gcc/arm-none-eabi/7.2.1/thumb/v7e-m/fpv4-sp/hard/crti.o
LOAD c:/ac6/systemworkbench/plugins/fr.ac6.mcu.externaltools.arm-none.win32_1.16.0.201807130628/tools/compiler/bin/../lib/gcc/arm-none-eabi/7.2.1/thumb/v7e-m/fpv4-sp/hard/crtbegin.o
LOAD c:/ac6/systemworkbench/plugins/fr.ac6.mcu.externaltools.arm-none.win32_1.16.0.201807130628/tools/compiler/bin/../lib/gcc/arm-none-eabi/7.2.1/../../../../arm-none-eabi/lib/thumb/v7e-m/fpv4-sp/hard/crt0.o
LOAD Drivers/STM32F4xx_HAL_Driver/Src/stm32f4xx_hal.o
LOAD Drivers/STM32F4xx_HAL_Driver/Src/stm32f4xx_hal_adc.o
LOAD Drivers/STM32F4xx_HAL_Driver/Src/stm32f4xx_hal_adc_ex.o
LOAD Drivers/STM32F4xx_HAL_Driver/Src/stm32f4xx_hal_cortex.o
LOAD Drivers/STM32F4xx_HAL_Driver/Src/stm32f4xx_hal_dma.o
LOAD Drivers/STM32F4xx_HAL_Driver/Src/stm32f4xx_hal_dma_ex.o
LOAD Drivers/STM32F4xx_HAL_Driver/Src/stm32f4xx_hal_flash.o
LOAD Drivers/STM32F4xx_HAL_Driver/Src/stm32f4xx_hal_flash_ex.o
LOAD Drivers/STM32F4xx_HAL_Driver/Src/stm32f4xx_hal_flash_ramfunc.o
LOAD Drivers/STM32F4xx_HAL_Driver/Src/stm32f4xx_hal_gpio.o
LOAD Drivers/STM32F4xx_HAL_Driver/Src/stm32f4xx_hal_i2c.o
LOAD Drivers/STM32F4xx_HAL_Driver/Src/stm32f4xx_hal_i2c_ex.o
LOAD Drivers/STM32F4xx_HAL_Driver/Src/stm32f4xx_hal_pwr.o
LOAD Drivers/STM32F4xx_HAL_Driver/Src/stm32f4xx_hal_pwr_ex.o
LOAD Drivers/STM32F4xx_HAL_Driver/Src/stm32f4xx_hal_rcc.o
LOAD Drivers/STM32F4xx_HAL_Driver/Src/stm32f4xx_hal_rcc_ex.o
LOAD Drivers/STM32F4xx_HAL_Driver/Src/stm32f4xx_hal_spi.o
LOAD Drivers/STM32F4xx_HAL_Driver/Src/stm32f4xx_hal_tim.o
LOAD Drivers/STM32F4xx_HAL_Driver/Src/stm32f4xx_hal_tim_ex.o
LOAD Drivers/STM32F4xx_HAL_Driver/Src/stm32f4xx_hal_uart.o
LOAD Src/actuator.o
LOAD Src/communicationOUT.o
LOAD Src/communicationvsz.o
LOAD Src/controlSTEERING.o
LOAD Src/controlVELOCITY.o
LOAD Src/linetracking.o
LOAD Src/main.o
LOAD Src/statemachine.o
LOAD Src/stm32f4xx_hal_msp.o
LOAD Src/stm32f4xx_it.o
LOAD Src/system_stm32f4xx.o
LOAD Src/timing.o
LOAD Src/tracking.o
LOAD startup/startup_stm32f446xx.o
LOAD c:/ac6/systemworkbench/plugins/fr.ac6.mcu.externaltools.arm-none.win32_1.16.0.201807130628/tools/compiler/bin/../lib/gcc/arm-none-eabi/7.2.1/../../../../arm-none-eabi/lib/thumb/v7e-m/fpv4-sp/hard\libm.a
START GROUP
LOAD c:/ac6/systemworkbench/plugins/fr.ac6.mcu.externaltools.arm-none.win32_1.16.0.201807130628/tools/compiler/bin/../lib/gcc/arm-none-eabi/7.2.1/thumb/v7e-m/fpv4-sp/hard\libgcc.a
LOAD c:/ac6/systemworkbench/plugins/fr.ac6.mcu.externaltools.arm-none.win32_1.16.0.201807130628/tools/compiler/bin/../lib/gcc/arm-none-eabi/7.2.1/../../../../arm-none-eabi/lib/thumb/v7e-m/fpv4-sp/hard\libc_nano.a
END GROUP
START GROUP
LOAD c:/ac6/systemworkbench/plugins/fr.ac6.mcu.externaltools.arm-none.win32_1.16.0.201807130628/tools/compiler/bin/../lib/gcc/arm-none-eabi/7.2.1/thumb/v7e-m/fpv4-sp/hard\libgcc.a
LOAD c:/ac6/systemworkbench/plugins/fr.ac6.mcu.externaltools.arm-none.win32_1.16.0.201807130628/tools/compiler/bin/../lib/gcc/arm-none-eabi/7.2.1/../../../../arm-none-eabi/lib/thumb/v7e-m/fpv4-sp/hard\libc_nano.a
LOAD c:/ac6/systemworkbench/plugins/fr.ac6.mcu.externaltools.arm-none.win32_1.16.0.201807130628/tools/compiler/bin/../lib/gcc/arm-none-eabi/7.2.1/../../../../arm-none-eabi/lib/thumb/v7e-m/fpv4-sp/hard\libnosys.a
END GROUP
START GROUP
LOAD c:/ac6/systemworkbench/plugins/fr.ac6.mcu.externaltools.arm-none.win32_1.16.0.201807130628/tools/compiler/bin/../lib/gcc/arm-none-eabi/7.2.1/thumb/v7e-m/fpv4-sp/hard\libgcc.a
LOAD c:/ac6/systemworkbench/plugins/fr.ac6.mcu.externaltools.arm-none.win32_1.16.0.201807130628/tools/compiler/bin/../lib/gcc/arm-none-eabi/7.2.1/../../../../arm-none-eabi/lib/thumb/v7e-m/fpv4-sp/hard\libc_nano.a
LOAD c:/ac6/systemworkbench/plugins/fr.ac6.mcu.externaltools.arm-none.win32_1.16.0.201807130628/tools/compiler/bin/../lib/gcc/arm-none-eabi/7.2.1/../../../../arm-none-eabi/lib/thumb/v7e-m/fpv4-sp/hard\libnosys.a
END GROUP
LOAD c:/ac6/systemworkbench/plugins/fr.ac6.mcu.externaltools.arm-none.win32_1.16.0.201807130628/tools/compiler/bin/../lib/gcc/arm-none-eabi/7.2.1/thumb/v7e-m/fpv4-sp/hard/crtend.o
LOAD c:/ac6/systemworkbench/plugins/fr.ac6.mcu.externaltools.arm-none.win32_1.16.0.201807130628/tools/compiler/bin/../lib/gcc/arm-none-eabi/7.2.1/thumb/v7e-m/fpv4-sp/hard/crtn.o
                0x20020000                _estack = 0x20020000
                0x00000200                _Min_Heap_Size = 0x200
                0x00000400                _Min_Stack_Size = 0x400

.isr_vector     0x08000000      0x1c4
                0x08000000                . = ALIGN (0x4)
 *(.isr_vector)
 .isr_vector    0x08000000      0x1c4 startup/startup_stm32f446xx.o
                0x08000000                g_pfnVectors
                0x080001c4                . = ALIGN (0x4)

.text           0x080001d0     0x7818
                0x080001d0                . = ALIGN (0x4)
 *(.text)
 .text          0x080001d0       0x40 c:/ac6/systemworkbench/plugins/fr.ac6.mcu.externaltools.arm-none.win32_1.16.0.201807130628/tools/compiler/bin/../lib/gcc/arm-none-eabi/7.2.1/thumb/v7e-m/fpv4-sp/hard/crtbegin.o
 .text          0x08000210      0x378 c:/ac6/systemworkbench/plugins/fr.ac6.mcu.externaltools.arm-none.win32_1.16.0.201807130628/tools/compiler/bin/../lib/gcc/arm-none-eabi/7.2.1/thumb/v7e-m/fpv4-sp/hard\libgcc.a(_arm_addsubdf3.o)
                0x08000210                __aeabi_drsub
                0x08000218                __aeabi_dsub
                0x08000218                __subdf3
                0x0800021c                __aeabi_dadd
                0x0800021c                __adddf3
                0x08000494                __floatunsidf
                0x08000494                __aeabi_ui2d
                0x080004b4                __floatsidf
                0x080004b4                __aeabi_i2d
                0x080004d8                __aeabi_f2d
                0x080004d8                __extendsfdf2
                0x0800051c                __floatundidf
                0x0800051c                __aeabi_ul2d
                0x0800052c                __floatdidf
                0x0800052c                __aeabi_l2d
 .text          0x08000588      0x424 c:/ac6/systemworkbench/plugins/fr.ac6.mcu.externaltools.arm-none.win32_1.16.0.201807130628/tools/compiler/bin/../lib/gcc/arm-none-eabi/7.2.1/thumb/v7e-m/fpv4-sp/hard\libgcc.a(_arm_muldivdf3.o)
                0x08000588                __aeabi_dmul
                0x08000588                __muldf3
                0x080007dc                __divdf3
                0x080007dc                __aeabi_ddiv
 .text          0x080009ac      0x110 c:/ac6/systemworkbench/plugins/fr.ac6.mcu.externaltools.arm-none.win32_1.16.0.201807130628/tools/compiler/bin/../lib/gcc/arm-none-eabi/7.2.1/thumb/v7e-m/fpv4-sp/hard\libgcc.a(_arm_cmpdf2.o)
                0x080009ac                __gtdf2
                0x080009ac                __gedf2
                0x080009b4                __ltdf2
                0x080009b4                __ledf2
                0x080009bc                __nedf2
                0x080009bc                __eqdf2
                0x080009bc                __cmpdf2
                0x08000a38                __aeabi_cdrcmple
                0x08000a48                __aeabi_cdcmpeq
                0x08000a48                __aeabi_cdcmple
                0x08000a58                __aeabi_dcmpeq
                0x08000a6c                __aeabi_dcmplt
                0x08000a80                __aeabi_dcmple
                0x08000a94                __aeabi_dcmpge
                0x08000aa8                __aeabi_dcmpgt
 .text          0x08000abc       0x50 c:/ac6/systemworkbench/plugins/fr.ac6.mcu.externaltools.arm-none.win32_1.16.0.201807130628/tools/compiler/bin/../lib/gcc/arm-none-eabi/7.2.1/thumb/v7e-m/fpv4-sp/hard\libgcc.a(_arm_fixdfsi.o)
                0x08000abc                __aeabi_d2iz
                0x08000abc                __fixdfsi
 .text          0x08000b0c       0xa0 c:/ac6/systemworkbench/plugins/fr.ac6.mcu.externaltools.arm-none.win32_1.16.0.201807130628/tools/compiler/bin/../lib/gcc/arm-none-eabi/7.2.1/thumb/v7e-m/fpv4-sp/hard\libgcc.a(_arm_truncdfsf2.o)
                0x08000b0c                __truncdfsf2
                0x08000b0c                __aeabi_d2f
 .text          0x08000bac       0x30 c:/ac6/systemworkbench/plugins/fr.ac6.mcu.externaltools.arm-none.win32_1.16.0.201807130628/tools/compiler/bin/../lib/gcc/arm-none-eabi/7.2.1/thumb/v7e-m/fpv4-sp/hard\libgcc.a(_aeabi_uldivmod.o)
                0x08000bac                __aeabi_uldivmod
 .text          0x08000bdc      0x2cc c:/ac6/systemworkbench/plugins/fr.ac6.mcu.externaltools.arm-none.win32_1.16.0.201807130628/tools/compiler/bin/../lib/gcc/arm-none-eabi/7.2.1/thumb/v7e-m/fpv4-sp/hard\libgcc.a(_udivmoddi4.o)
                0x08000bdc                __udivmoddi4
 .text          0x08000ea8        0x4 c:/ac6/systemworkbench/plugins/fr.ac6.mcu.externaltools.arm-none.win32_1.16.0.201807130628/tools/compiler/bin/../lib/gcc/arm-none-eabi/7.2.1/thumb/v7e-m/fpv4-sp/hard\libgcc.a(_dvmd_tls.o)
                0x08000ea8                __aeabi_idiv0
                0x08000ea8                __aeabi_ldiv0
 .text          0x08000eac       0x10 c:/ac6/systemworkbench/plugins/fr.ac6.mcu.externaltools.arm-none.win32_1.16.0.201807130628/tools/compiler/bin/../lib/gcc/arm-none-eabi/7.2.1/../../../../arm-none-eabi/lib/thumb/v7e-m/fpv4-sp/hard\libc_nano.a(lib_a-strlen.o)
                0x08000eac                strlen
 *fill*         0x08000ebc        0x4 
 .text          0x08000ec0       0xa0 c:/ac6/systemworkbench/plugins/fr.ac6.mcu.externaltools.arm-none.win32_1.16.0.201807130628/tools/compiler/bin/../lib/gcc/arm-none-eabi/7.2.1/../../../../arm-none-eabi/lib/thumb/v7e-m/fpv4-sp/hard\libc_nano.a(lib_a-memchr.o)
                0x08000ec0                memchr
 *(.text*)
 .text.HAL_InitTick
                0x08000f60       0x48 Drivers/STM32F4xx_HAL_Driver/Src/stm32f4xx_hal.o
                0x08000f60                HAL_InitTick
 .text.HAL_Init
                0x08000fa8       0x34 Drivers/STM32F4xx_HAL_Driver/Src/stm32f4xx_hal.o
                0x08000fa8                HAL_Init
 .text.HAL_IncTick
                0x08000fdc       0x18 Drivers/STM32F4xx_HAL_Driver/Src/stm32f4xx_hal.o
                0x08000fdc                HAL_IncTick
 .text.HAL_GetTick
                0x08000ff4        0xc Drivers/STM32F4xx_HAL_Driver/Src/stm32f4xx_hal.o
                0x08000ff4                HAL_GetTick
 .text.ADC_Init
                0x08001000      0x130 Drivers/STM32F4xx_HAL_Driver/Src/stm32f4xx_hal_adc.o
 .text.HAL_ADC_Init
                0x08001130       0x54 Drivers/STM32F4xx_HAL_Driver/Src/stm32f4xx_hal_adc.o
                0x08001130                HAL_ADC_Init
 .text.HAL_ADC_ConfigChannel
                0x08001184      0x194 Drivers/STM32F4xx_HAL_Driver/Src/stm32f4xx_hal_adc.o
                0x08001184                HAL_ADC_ConfigChannel
 .text.HAL_NVIC_SetPriorityGrouping
                0x08001318       0x24 Drivers/STM32F4xx_HAL_Driver/Src/stm32f4xx_hal_cortex.o
                0x08001318                HAL_NVIC_SetPriorityGrouping
 .text.HAL_NVIC_SetPriority
                0x0800133c       0x68 Drivers/STM32F4xx_HAL_Driver/Src/stm32f4xx_hal_cortex.o
                0x0800133c                HAL_NVIC_SetPriority
 .text.HAL_NVIC_EnableIRQ
                0x080013a4       0x18 Drivers/STM32F4xx_HAL_Driver/Src/stm32f4xx_hal_cortex.o
                0x080013a4                HAL_NVIC_EnableIRQ
 .text.HAL_SYSTICK_Config
                0x080013bc       0x2c Drivers/STM32F4xx_HAL_Driver/Src/stm32f4xx_hal_cortex.o
                0x080013bc                HAL_SYSTICK_Config
 .text.HAL_SYSTICK_CLKSourceConfig
                0x080013e8       0x20 Drivers/STM32F4xx_HAL_Driver/Src/stm32f4xx_hal_cortex.o
                0x080013e8                HAL_SYSTICK_CLKSourceConfig
 .text.HAL_SYSTICK_Callback
                0x08001408        0x2 Drivers/STM32F4xx_HAL_Driver/Src/stm32f4xx_hal_cortex.o
                0x08001408                HAL_SYSTICK_Callback
 .text.HAL_SYSTICK_IRQHandler
                0x0800140a        0x8 Drivers/STM32F4xx_HAL_Driver/Src/stm32f4xx_hal_cortex.o
                0x0800140a                HAL_SYSTICK_IRQHandler
 .text.HAL_DMA_Abort_IT
                0x08001412       0x26 Drivers/STM32F4xx_HAL_Driver/Src/stm32f4xx_hal_dma.o
                0x08001412                HAL_DMA_Abort_IT
 .text.HAL_GPIO_Init
                0x08001438      0x1bc Drivers/STM32F4xx_HAL_Driver/Src/stm32f4xx_hal_gpio.o
                0x08001438                HAL_GPIO_Init
 .text.HAL_GPIO_WritePin
                0x080015f4        0xc Drivers/STM32F4xx_HAL_Driver/Src/stm32f4xx_hal_gpio.o
                0x080015f4                HAL_GPIO_WritePin
 .text.HAL_I2C_Init
                0x08001600      0x11c Drivers/STM32F4xx_HAL_Driver/Src/stm32f4xx_hal_i2c.o
                0x08001600                HAL_I2C_Init
 .text.HAL_RCC_ClockConfig
                0x0800171c      0x158 Drivers/STM32F4xx_HAL_Driver/Src/stm32f4xx_hal_rcc.o
                0x0800171c                HAL_RCC_ClockConfig
 .text.HAL_RCC_GetHCLKFreq
                0x08001874        0xc Drivers/STM32F4xx_HAL_Driver/Src/stm32f4xx_hal_rcc.o
                0x08001874                HAL_RCC_GetHCLKFreq
 .text.HAL_RCC_GetPCLK1Freq
                0x08001880       0x20 Drivers/STM32F4xx_HAL_Driver/Src/stm32f4xx_hal_rcc.o
                0x08001880                HAL_RCC_GetPCLK1Freq
 .text.HAL_RCC_GetPCLK2Freq
                0x080018a0       0x20 Drivers/STM32F4xx_HAL_Driver/Src/stm32f4xx_hal_rcc.o
                0x080018a0                HAL_RCC_GetPCLK2Freq
 .text.HAL_RCC_GetSysClockFreq
                0x080018c0      0x184 Drivers/STM32F4xx_HAL_Driver/Src/stm32f4xx_hal_rcc_ex.o
                0x080018c0                HAL_RCC_GetSysClockFreq
 .text.HAL_RCC_OscConfig
                0x08001a44      0x3c4 Drivers/STM32F4xx_HAL_Driver/Src/stm32f4xx_hal_rcc_ex.o
                0x08001a44                HAL_RCC_OscConfig
 .text.SPI_WaitFlagStateUntilTimeout
                0x08001e08       0x96 Drivers/STM32F4xx_HAL_Driver/Src/stm32f4xx_hal_spi.o
 .text.SPI_CheckFlag_BSY
                0x08001e9e       0x28 Drivers/STM32F4xx_HAL_Driver/Src/stm32f4xx_hal_spi.o
 .text.HAL_SPI_Init
                0x08001ec6       0x80 Drivers/STM32F4xx_HAL_Driver/Src/stm32f4xx_hal_spi.o
                0x08001ec6                HAL_SPI_Init
 .text.HAL_SPI_Transmit
                0x08001f46      0x1a6 Drivers/STM32F4xx_HAL_Driver/Src/stm32f4xx_hal_spi.o
                0x08001f46                HAL_SPI_Transmit
 .text.HAL_SPI_TransmitReceive
                0x080020ec      0x238 Drivers/STM32F4xx_HAL_Driver/Src/stm32f4xx_hal_spi.o
                0x080020ec                HAL_SPI_TransmitReceive
 .text.TIM_OC1_SetConfig
                0x08002324       0x5c Drivers/STM32F4xx_HAL_Driver/Src/stm32f4xx_hal_tim.o
 .text.TIM_OC3_SetConfig
                0x08002380       0x60 Drivers/STM32F4xx_HAL_Driver/Src/stm32f4xx_hal_tim.o
 .text.TIM_OC4_SetConfig
                0x080023e0       0x50 Drivers/STM32F4xx_HAL_Driver/Src/stm32f4xx_hal_tim.o
 .text.TIM_TI1_ConfigInputStage
                0x08002430       0x26 Drivers/STM32F4xx_HAL_Driver/Src/stm32f4xx_hal_tim.o
 .text.TIM_TI2_SetConfig
                0x08002456       0x34 Drivers/STM32F4xx_HAL_Driver/Src/stm32f4xx_hal_tim.o
 .text.TIM_TI2_ConfigInputStage
                0x0800248a       0x28 Drivers/STM32F4xx_HAL_Driver/Src/stm32f4xx_hal_tim.o
 .text.TIM_TI3_SetConfig
                0x080024b2       0x32 Drivers/STM32F4xx_HAL_Driver/Src/stm32f4xx_hal_tim.o
 .text.TIM_TI4_SetConfig
                0x080024e4       0x34 Drivers/STM32F4xx_HAL_Driver/Src/stm32f4xx_hal_tim.o
 .text.TIM_ITRx_SetConfig
                0x08002518       0x10 Drivers/STM32F4xx_HAL_Driver/Src/stm32f4xx_hal_tim.o
 .text.TIM_ETR_SetConfig
                0x08002528       0x18 Drivers/STM32F4xx_HAL_Driver/Src/stm32f4xx_hal_tim.o
 .text.TIM_SlaveTimer_SetConfig
                0x08002540       0x74 Drivers/STM32F4xx_HAL_Driver/Src/stm32f4xx_hal_tim.o
 .text.HAL_TIM_PWM_MspInit
                0x080025b4        0x2 Drivers/STM32F4xx_HAL_Driver/Src/stm32f4xx_hal_tim.o
                0x080025b4                HAL_TIM_PWM_MspInit
 .text.HAL_TIM_IC_MspInit
                0x080025b6        0x2 Drivers/STM32F4xx_HAL_Driver/Src/stm32f4xx_hal_tim.o
                0x080025b6                HAL_TIM_IC_MspInit
 .text.HAL_TIM_ConfigClockSource
                0x080025b8      0x108 Drivers/STM32F4xx_HAL_Driver/Src/stm32f4xx_hal_tim.o
                0x080025b8                HAL_TIM_ConfigClockSource
 .text.HAL_TIM_SlaveConfigSynchronization
                0x080026c0       0x40 Drivers/STM32F4xx_HAL_Driver/Src/stm32f4xx_hal_tim.o
                0x080026c0                HAL_TIM_SlaveConfigSynchronization
 .text.HAL_TIM_ReadCapturedValue
                0x08002700       0x4c Drivers/STM32F4xx_HAL_Driver/Src/stm32f4xx_hal_tim.o
                0x08002700                HAL_TIM_ReadCapturedValue
 .text.HAL_TIM_OC_DelayElapsedCallback
                0x0800274c        0x2 Drivers/STM32F4xx_HAL_Driver/Src/stm32f4xx_hal_tim.o
                0x0800274c                HAL_TIM_OC_DelayElapsedCallback
 .text.HAL_TIM_PWM_PulseFinishedCallback
                0x0800274e        0x2 Drivers/STM32F4xx_HAL_Driver/Src/stm32f4xx_hal_tim.o
                0x0800274e                HAL_TIM_PWM_PulseFinishedCallback
 .text.HAL_TIM_TriggerCallback
                0x08002750        0x2 Drivers/STM32F4xx_HAL_Driver/Src/stm32f4xx_hal_tim.o
                0x08002750                HAL_TIM_TriggerCallback
 .text.HAL_TIM_IRQHandler
                0x08002752      0x17a Drivers/STM32F4xx_HAL_Driver/Src/stm32f4xx_hal_tim.o
                0x08002752                HAL_TIM_IRQHandler
 .text.TIM_Base_SetConfig
                0x080028cc       0xc0 Drivers/STM32F4xx_HAL_Driver/Src/stm32f4xx_hal_tim.o
                0x080028cc                TIM_Base_SetConfig
 .text.HAL_TIM_Base_Init
                0x0800298c       0x32 Drivers/STM32F4xx_HAL_Driver/Src/stm32f4xx_hal_tim.o
                0x0800298c                HAL_TIM_Base_Init
 .text.HAL_TIM_PWM_Init
                0x080029be       0x32 Drivers/STM32F4xx_HAL_Driver/Src/stm32f4xx_hal_tim.o
                0x080029be                HAL_TIM_PWM_Init
 .text.HAL_TIM_IC_Init
                0x080029f0       0x32 Drivers/STM32F4xx_HAL_Driver/Src/stm32f4xx_hal_tim.o
                0x080029f0                HAL_TIM_IC_Init
 .text.HAL_TIM_Encoder_Init
                0x08002a22       0x98 Drivers/STM32F4xx_HAL_Driver/Src/stm32f4xx_hal_tim.o
                0x08002a22                HAL_TIM_Encoder_Init
 *fill*         0x08002aba        0x2 
 .text.TIM_TI1_SetConfig
                0x08002abc       0x7c Drivers/STM32F4xx_HAL_Driver/Src/stm32f4xx_hal_tim.o
                0x08002abc                TIM_TI1_SetConfig
 .text.HAL_TIM_IC_ConfigChannel
                0x08002b38       0xc0 Drivers/STM32F4xx_HAL_Driver/Src/stm32f4xx_hal_tim.o
                0x08002b38                HAL_TIM_IC_ConfigChannel
 .text.TIM_OC2_SetConfig
                0x08002bf8       0x64 Drivers/STM32F4xx_HAL_Driver/Src/stm32f4xx_hal_tim.o
                0x08002bf8                TIM_OC2_SetConfig
 .text.HAL_TIM_PWM_ConfigChannel
                0x08002c5c       0xdc Drivers/STM32F4xx_HAL_Driver/Src/stm32f4xx_hal_tim.o
                0x08002c5c                HAL_TIM_PWM_ConfigChannel
 .text.TIM_CCxChannelCmd
                0x08002d38       0x1e Drivers/STM32F4xx_HAL_Driver/Src/stm32f4xx_hal_tim.o
                0x08002d38                TIM_CCxChannelCmd
 *fill*         0x08002d56        0x2 
 .text.HAL_TIM_PWM_Start
                0x08002d58       0x38 Drivers/STM32F4xx_HAL_Driver/Src/stm32f4xx_hal_tim.o
                0x08002d58                HAL_TIM_PWM_Start
 .text.HAL_TIM_Encoder_Start
                0x08002d90       0x44 Drivers/STM32F4xx_HAL_Driver/Src/stm32f4xx_hal_tim.o
                0x08002d90                HAL_TIM_Encoder_Start
 .text.HAL_TIMEx_MasterConfigSynchronization
                0x08002dd4       0x52 Drivers/STM32F4xx_HAL_Driver/Src/stm32f4xx_hal_tim_ex.o
                0x08002dd4                HAL_TIMEx_MasterConfigSynchronization
 .text.HAL_TIMEx_ConfigBreakDeadTime
                0x08002e26       0x58 Drivers/STM32F4xx_HAL_Driver/Src/stm32f4xx_hal_tim_ex.o
                0x08002e26                HAL_TIMEx_ConfigBreakDeadTime
 .text.HAL_TIMEx_CommutationCallback
                0x08002e7e        0x2 Drivers/STM32F4xx_HAL_Driver/Src/stm32f4xx_hal_tim_ex.o
                0x08002e7e                HAL_TIMEx_CommutationCallback
 .text.HAL_TIMEx_BreakCallback
                0x08002e80        0x2 Drivers/STM32F4xx_HAL_Driver/Src/stm32f4xx_hal_tim_ex.o
                0x08002e80                HAL_TIMEx_BreakCallback
 .text.UART_EndRxTransfer
                0x08002e82       0x1c Drivers/STM32F4xx_HAL_Driver/Src/stm32f4xx_hal_uart.o
 .text.UART_Transmit_IT
                0x08002e9e       0x68 Drivers/STM32F4xx_HAL_Driver/Src/stm32f4xx_hal_uart.o
 *fill*         0x08002f06        0x2 
 .text.UART_SetConfig
                0x08002f08      0x334 Drivers/STM32F4xx_HAL_Driver/Src/stm32f4xx_hal_uart.o
 .text.UART_WaitOnFlagUntilTimeout
                0x0800323c       0x62 Drivers/STM32F4xx_HAL_Driver/Src/stm32f4xx_hal_uart.o
 .text.HAL_UART_Init
                0x0800329e       0x5e Drivers/STM32F4xx_HAL_Driver/Src/stm32f4xx_hal_uart.o
                0x0800329e                HAL_UART_Init
 .text.HAL_UART_Transmit
                0x080032fc       0xe0 Drivers/STM32F4xx_HAL_Driver/Src/stm32f4xx_hal_uart.o
                0x080032fc                HAL_UART_Transmit
 .text.HAL_UART_Receive_IT
                0x080033dc       0x52 Drivers/STM32F4xx_HAL_Driver/Src/stm32f4xx_hal_uart.o
                0x080033dc                HAL_UART_Receive_IT
 .text.HAL_UART_TxCpltCallback
                0x0800342e        0x2 Drivers/STM32F4xx_HAL_Driver/Src/stm32f4xx_hal_uart.o
                0x0800342e                HAL_UART_TxCpltCallback
 .text.UART_EndTransmit_IT
                0x08003430       0x1a Drivers/STM32F4xx_HAL_Driver/Src/stm32f4xx_hal_uart.o
 .text.UART_Receive_IT
                0x0800344a       0x92 Drivers/STM32F4xx_HAL_Driver/Src/stm32f4xx_hal_uart.o
 .text.HAL_UART_ErrorCallback
                0x080034dc        0x2 Drivers/STM32F4xx_HAL_Driver/Src/stm32f4xx_hal_uart.o
                0x080034dc                HAL_UART_ErrorCallback
 *fill*         0x080034de        0x2 
 .text.HAL_UART_IRQHandler
                0x080034e0      0x120 Drivers/STM32F4xx_HAL_Driver/Src/stm32f4xx_hal_uart.o
                0x080034e0                HAL_UART_IRQHandler
 .text.UART_DMAAbortOnError
                0x08003600       0x10 Drivers/STM32F4xx_HAL_Driver/Src/stm32f4xx_hal_uart.o
 .text.regulator
                0x08003610       0x1c Src/actuator.o
                0x08003610                regulator
 .text.szervovezerles
                0x0800362c       0x58 Src/actuator.o
                0x0800362c                szervovezerles
 .text.motorvezerles
                0x08003684       0x54 Src/actuator.o
                0x08003684                motorvezerles
 .text.control  0x080036d8       0x80 Src/actuator.o
                0x080036d8                control
 .text.lassu    0x08003758       0x38 Src/actuator.o
                0x08003758                lassu
 .text.labyrinth
                0x08003790        0x8 Src/actuator.o
                0x08003790                labyrinth
 .text.savvaltas
                0x08003798        0xc Src/actuator.o
                0x08003798                savvaltas
 .text.HAL_TIM_IC_CaptureCallback
                0x080037a4       0x34 Src/actuator.o
                0x080037a4                HAL_TIM_IC_CaptureCallback
 .text.SETflagsavvaltas
                0x080037d8        0xc Src/actuator.o
                0x080037d8                SETflagsavvaltas
 .text.bluetoothDRIVE
                0x080037e4       0x54 Src/communicationOUT.o
                0x080037e4                bluetoothDRIVE
 .text.communicationvszInit
                0x08003838       0x18 Src/communicationvsz.o
                0x08003838                communicationvszInit
 .text.vszRx    0x08003850       0x44 Src/communicationvsz.o
                0x08003850                vszRx
 .text.HAL_UART_RxCpltCallback
                0x08003894        0x8 Src/communicationvsz.o
                0x08003894                HAL_UART_RxCpltCallback
 .text.uartprocess
                0x0800389c       0x68 Src/communicationvsz.o
                0x0800389c                uartprocess
 .text.GETcount
                0x08003904        0xc Src/communicationvsz.o
                0x08003904                GETcount
 .text.GETtav   0x08003910        0xc Src/communicationvsz.o
                0x08003910                GETtav
 .text.controlSTEERINGInit
                0x0800391c       0x28 Src/controlSTEERING.o
                0x0800391c                controlSTEERINGInit
 .text.toerror  0x08003944       0x12 Src/controlSTEERING.o
                0x08003944                toerror
 *fill*         0x08003956        0x2 
 .text.szabPD   0x08003958       0x38 Src/controlSTEERING.o
                0x08003958                szabPD
 .text.toPWM    0x08003990      0x120 Src/controlSTEERING.o
                0x08003990                toPWM
 .text.toservo  0x08003ab0       0x28 Src/controlSTEERING.o
                0x08003ab0                toservo
 .text.SETp     0x08003ad8        0xc Src/controlSTEERING.o
                0x08003ad8                SETp
 .text.SETd     0x08003ae4        0xc Src/controlSTEERING.o
                0x08003ae4                SETd
 .text.GETplassu
                0x08003af0        0xc Src/controlSTEERING.o
                0x08003af0                GETplassu
 .text.GETdlassu
                0x08003afc        0xc Src/controlSTEERING.o
                0x08003afc                GETdlassu
 .text.GETpwmmidh
                0x08003b08        0x6 Src/controlSTEERING.o
                0x08003b08                GETpwmmidh
 *fill*         0x08003b0e        0x2 
 .text.GETpos   0x08003b10        0xc Src/controlSTEERING.o
                0x08003b10                GETpos
 .text.SETpos   0x08003b1c        0xc Src/controlSTEERING.o
                0x08003b1c                SETpos
 .text.GETposh  0x08003b28        0xc Src/controlSTEERING.o
                0x08003b28                GETposh
 .text.SETposh  0x08003b34        0xc Src/controlSTEERING.o
                0x08003b34                SETposh
 .text.SETflaglassu
                0x08003b40        0xc Src/controlSTEERING.o
                0x08003b40                SETflaglassu
 .text.SETflaggyors
                0x08003b4c        0xc Src/controlSTEERING.o
                0x08003b4c                SETflaggyors
 .text.controlVELOCITYInit
                0x08003b58       0x1c Src/controlVELOCITY.o
                0x08003b58                controlVELOCITYInit
 .text.toinkrspeed
                0x08003b74       0x10 Src/controlVELOCITY.o
                0x08003b74                toinkrspeed
 .text.szabvPI  0x08003b84       0x70 Src/controlVELOCITY.o
                0x08003b84                szabvPI
 *fill*         0x08003bf4        0x4 
 .text.tomotorcontrol
                0x08003bf8       0x6c Src/controlVELOCITY.o
                0x08003bf8                tomotorcontrol
 .text.SETv     0x08003c64        0xc Src/controlVELOCITY.o
                0x08003c64                SETv
 .text.GETvlassu
                0x08003c70        0xc Src/controlVELOCITY.o
                0x08003c70                GETvlassu
 .text.GETvsavvalt
                0x08003c7c        0xc Src/controlVELOCITY.o
                0x08003c7c                GETvsavvalt
 .text.GETupres
                0x08003c88        0xc Src/controlVELOCITY.o
                0x08003c88                GETupres
 .text.SETuprev
                0x08003c94        0xc Src/controlVELOCITY.o
                0x08003c94                SETuprev
 .text.SETupres
                0x08003ca0        0xc Src/controlVELOCITY.o
                0x08003ca0                SETupres
 .text.SETu2prev
                0x08003cac        0xc Src/controlVELOCITY.o
                0x08003cac                SETu2prev
 .text.vonalszamlalo
                0x08003cb8       0x4c Src/linetracking.o
                0x08003cb8                vonalszamlalo
 .text.egyutankettohossz
                0x08003d04       0x54 Src/linetracking.o
                0x08003d04                egyutankettohossz
 .text.kettoutanegyhossz
                0x08003d58       0x54 Src/linetracking.o
                0x08003d58                kettoutanegyhossz
 .text.GETnullavonalszam
                0x08003dac        0xc Src/linetracking.o
                0x08003dac                GETnullavonalszam
 .text.GETegyvonalszam
                0x08003db8        0xc Src/linetracking.o
                0x08003db8                GETegyvonalszam
 .text.SETnullavonalszam
                0x08003dc4        0xc Src/linetracking.o
                0x08003dc4                SETnullavonalszam
 .text.SETegyvonalszam
                0x08003dd0        0xc Src/linetracking.o
                0x08003dd0                SETegyvonalszam
 .text.GEThossz
                0x08003ddc        0xc Src/linetracking.o
                0x08003ddc                GEThossz
 .text.SEThossz
                0x08003de8        0xc Src/linetracking.o
                0x08003de8                SEThossz
 .text.MX_GPIO_Init
                0x08003df4      0x10c Src/main.o
 .text._Error_Handler
                0x08003f00        0x2 Src/main.o
                0x08003f00                _Error_Handler
 *fill*         0x08003f02        0x2 
 .text.MX_ADC1_Init
                0x08003f04       0x6c Src/main.o
 .text.MX_I2C1_Init
                0x08003f70       0x44 Src/main.o
 .text.MX_TIM1_Init
                0x08003fb4      0x100 Src/main.o
 .text.MX_TIM2_Init
                0x080040b4       0x6c Src/main.o
 .text.MX_TIM3_Init
                0x08004120       0xf0 Src/main.o
 .text.MX_UART4_Init
                0x08004210       0x3c Src/main.o
 .text.MX_USART2_UART_Init
                0x0800424c       0x3c Src/main.o
 .text.MX_USART3_UART_Init
                0x08004288       0x3c Src/main.o
 .text.MX_TIM13_Init
                0x080042c4       0x78 Src/main.o
 .text.MX_TIM4_Init
                0x0800433c       0x74 Src/main.o
 .text.MX_TIM14_Init
                0x080043b0       0x78 Src/main.o
 .text.MX_SPI2_Init
                0x08004428       0x4c Src/main.o
 .text.MX_TIM5_Init
                0x08004474       0x74 Src/main.o
 .text.MX_TIM10_Init
                0x080044e8       0x78 Src/main.o
 .text.SystemClock_Config
                0x08004560       0xc0 Src/main.o
                0x08004560                SystemClock_Config
 .text.main     0x08004620       0x74 Src/main.o
                0x08004620                main
 .text.allapotgeplab
                0x08004694      0x11c Src/statemachine.o
                0x08004694                allapotgeplab
 .text.HAL_MspInit
                0x080047b0       0x94 Src/stm32f4xx_hal_msp.o
                0x080047b0                HAL_MspInit
 .text.HAL_ADC_MspInit
                0x08004844       0x5c Src/stm32f4xx_hal_msp.o
                0x08004844                HAL_ADC_MspInit
 .text.HAL_I2C_MspInit
                0x080048a0       0x58 Src/stm32f4xx_hal_msp.o
                0x080048a0                HAL_I2C_MspInit
 .text.HAL_SPI_MspInit
                0x080048f8       0x88 Src/stm32f4xx_hal_msp.o
                0x080048f8                HAL_SPI_MspInit
 .text.HAL_TIM_Base_MspInit
                0x08004980      0x168 Src/stm32f4xx_hal_msp.o
                0x08004980                HAL_TIM_Base_MspInit
 .text.HAL_TIM_Encoder_MspInit
                0x08004ae8       0x74 Src/stm32f4xx_hal_msp.o
                0x08004ae8                HAL_TIM_Encoder_MspInit
 .text.HAL_TIM_MspPostInit
                0x08004b5c       0xb0 Src/stm32f4xx_hal_msp.o
                0x08004b5c                HAL_TIM_MspPostInit
 .text.HAL_UART_MspInit
                0x08004c0c       0xf8 Src/stm32f4xx_hal_msp.o
                0x08004c0c                HAL_UART_MspInit
 .text.NMI_Handler
                0x08004d04        0x2 Src/stm32f4xx_it.o
                0x08004d04                NMI_Handler
 .text.HardFault_Handler
                0x08004d06        0x2 Src/stm32f4xx_it.o
                0x08004d06                HardFault_Handler
 .text.MemManage_Handler
                0x08004d08        0x2 Src/stm32f4xx_it.o
                0x08004d08                MemManage_Handler
 .text.BusFault_Handler
                0x08004d0a        0x2 Src/stm32f4xx_it.o
                0x08004d0a                BusFault_Handler
 .text.UsageFault_Handler
                0x08004d0c        0x2 Src/stm32f4xx_it.o
                0x08004d0c                UsageFault_Handler
 .text.SVC_Handler
                0x08004d0e        0x2 Src/stm32f4xx_it.o
                0x08004d0e                SVC_Handler
 .text.DebugMon_Handler
                0x08004d10        0x2 Src/stm32f4xx_it.o
                0x08004d10                DebugMon_Handler
 .text.PendSV_Handler
                0x08004d12        0x2 Src/stm32f4xx_it.o
                0x08004d12                PendSV_Handler
 .text.SysTick_Handler
                0x08004d14        0xc Src/stm32f4xx_it.o
                0x08004d14                SysTick_Handler
 .text.TIM2_IRQHandler
                0x08004d20       0x10 Src/stm32f4xx_it.o
                0x08004d20                TIM2_IRQHandler
 .text.TIM3_IRQHandler
                0x08004d30       0x10 Src/stm32f4xx_it.o
                0x08004d30                TIM3_IRQHandler
 .text.TIM4_IRQHandler
                0x08004d40       0x10 Src/stm32f4xx_it.o
                0x08004d40                TIM4_IRQHandler
 .text.USART2_IRQHandler
                0x08004d50       0x10 Src/stm32f4xx_it.o
                0x08004d50                USART2_IRQHandler
 .text.TIM5_IRQHandler
                0x08004d60       0x14 Src/stm32f4xx_it.o
                0x08004d60                TIM5_IRQHandler
 .text.UART4_IRQHandler
                0x08004d74       0x10 Src/stm32f4xx_it.o
                0x08004d74                UART4_IRQHandler
 .text.SystemInit
                0x08004d84       0x4c Src/system_stm32f4xx.o
                0x08004d84                SystemInit
 .text.idozito  0x08004dd0       0x18 Src/timing.o
                0x08004dd0                idozito
 .text.HAL_TIM_PeriodElapsedCallback
                0x08004de8       0x90 Src/timing.o
                0x08004de8                HAL_TIM_PeriodElapsedCallback
 .text.GETflagbluetooth
                0x08004e78        0xc Src/timing.o
                0x08004e78                GETflagbluetooth
 .text.GETflagvonalszam
                0x08004e84        0xc Src/timing.o
                0x08004e84                GETflagvonalszam
 .text.GETflagallapotgep
                0x08004e90        0xc Src/timing.o
                0x08004e90                GETflagallapotgep
 .text.GETflagbeav
                0x08004e9c        0xc Src/timing.o
                0x08004e9c                GETflagbeav
 .text.GETflaguartproc
                0x08004ea8        0xc Src/timing.o
                0x08004ea8                GETflaguartproc
 .text.GETflagangle
                0x08004eb4        0xc Src/timing.o
                0x08004eb4                GETflagangle
 .text.GETflagangleoffset
                0x08004ec0        0xc Src/timing.o
                0x08004ec0                GETflagangleoffset
 .text.GETflagregulator
                0x08004ecc        0xc Src/timing.o
                0x08004ecc                GETflagregulator
 .text.SETflagbluetooth
                0x08004ed8        0xc Src/timing.o
                0x08004ed8                SETflagbluetooth
 .text.SETflagvonalszam
                0x08004ee4        0xc Src/timing.o
                0x08004ee4                SETflagvonalszam
 .text.SETflagallapotgep
                0x08004ef0        0xc Src/timing.o
                0x08004ef0                SETflagallapotgep
 .text.SETflagbeav
                0x08004efc        0xc Src/timing.o
                0x08004efc                SETflagbeav
 .text.SETflaguartproc
                0x08004f08        0xc Src/timing.o
                0x08004f08                SETflaguartproc
 .text.SETflagangle
                0x08004f14        0xc Src/timing.o
                0x08004f14                SETflagangle
 .text.SETflagangleoffset
                0x08004f20        0xc Src/timing.o
                0x08004f20                SETflagangleoffset
 .text.SETflagregulator
                0x08004f2c        0xc Src/timing.o
                0x08004f2c                SETflagregulator
 .text.enablegyro
                0x08004f38       0x38 Src/tracking.o
                0x08004f38                enablegyro
 .text.trackingInit
                0x08004f70       0x34 Src/tracking.o
                0x08004f70                trackingInit
 .text.gyrooffset
                0x08004fa4       0xb4 Src/tracking.o
                0x08004fa4                gyrooffset
 .text.angle    0x08005058       0xa4 Src/tracking.o
                0x08005058                angle
 .text.deltax   0x080050fc       0x68 Src/tracking.o
                0x080050fc                deltax
 .text.deltay   0x08005164       0x68 Src/tracking.o
                0x08005164                deltay
 .text.poz      0x080051cc       0x5c Src/tracking.o
                0x080051cc                poz
 .text.gyro     0x08005228       0x28 Src/tracking.o
                0x08005228                gyro
 .text.speedpos
                0x08005250       0x18 Src/tracking.o
                0x08005250                speedpos
 .text.savelocation
                0x08005268        0xc Src/tracking.o
                0x08005268                savelocation
 .text.GETszogseb
                0x08005274        0xc Src/tracking.o
                0x08005274                GETszogseb
 .text.GETcurrentX
                0x08005280        0xc Src/tracking.o
                0x08005280                GETcurrentX
 .text.GETcurrentY
                0x0800528c        0xc Src/tracking.o
                0x0800528c                GETcurrentY
 .text.GETcounterpres
                0x08005298        0xc Src/tracking.o
                0x08005298                GETcounterpres
 .text.GETspeed
                0x080052a4        0xc Src/tracking.o
                0x080052a4                GETspeed
 .text.GEToffsetszog
                0x080052b0        0xc Src/tracking.o
                0x080052b0                GEToffsetszog
 .text.Reset_Handler
                0x080052bc       0x50 startup/startup_stm32f446xx.o
                0x080052bc                Reset_Handler
 .text.Default_Handler
                0x0800530c        0x2 startup/startup_stm32f446xx.o
                0x0800530c                RTC_Alarm_IRQHandler
                0x0800530c                EXTI2_IRQHandler
                0x0800530c                TIM8_CC_IRQHandler
                0x0800530c                SPI4_IRQHandler
                0x0800530c                TIM1_CC_IRQHandler
                0x0800530c                DMA2_Stream5_IRQHandler
                0x0800530c                DMA1_Stream5_IRQHandler
                0x0800530c                PVD_IRQHandler
                0x0800530c                SDIO_IRQHandler
                0x0800530c                TAMP_STAMP_IRQHandler
                0x0800530c                CAN2_RX1_IRQHandler
                0x0800530c                EXTI3_IRQHandler
                0x0800530c                TIM8_TRG_COM_TIM14_IRQHandler
                0x0800530c                TIM1_UP_TIM10_IRQHandler
                0x0800530c                TIM8_UP_TIM13_IRQHandler
                0x0800530c                I2C3_ER_IRQHandler
                0x0800530c                FMPI2C1_Event_IRQHandler
                0x0800530c                EXTI0_IRQHandler
                0x0800530c                I2C2_EV_IRQHandler
                0x0800530c                DMA1_Stream2_IRQHandler
                0x0800530c                CAN1_RX0_IRQHandler
                0x0800530c                FPU_IRQHandler
                0x0800530c                OTG_HS_WKUP_IRQHandler
                0x0800530c                CAN2_SCE_IRQHandler
                0x0800530c                DMA2_Stream2_IRQHandler
                0x0800530c                SPI1_IRQHandler
                0x0800530c                TIM6_DAC_IRQHandler
                0x0800530c                TIM1_BRK_TIM9_IRQHandler
                0x0800530c                DCMI_IRQHandler
                0x0800530c                CAN2_RX0_IRQHandler
                0x0800530c                DMA2_Stream3_IRQHandler
                0x0800530c                SAI2_IRQHandler
                0x0800530c                USART6_IRQHandler
                0x0800530c                USART3_IRQHandler
                0x0800530c                CAN1_RX1_IRQHandler
                0x0800530c                UART5_IRQHandler
                0x0800530c                DMA2_Stream0_IRQHandler
                0x0800530c                QUADSPI_IRQHandler
                0x0800530c                I2C1_EV_IRQHandler
                0x0800530c                DMA1_Stream6_IRQHandler
                0x0800530c                DMA1_Stream1_IRQHandler
                0x0800530c                RCC_IRQHandler
                0x0800530c                TIM8_BRK_TIM12_IRQHandler
                0x0800530c                Default_Handler
                0x0800530c                CEC_IRQHandler
                0x0800530c                EXTI15_10_IRQHandler
                0x0800530c                ADC_IRQHandler
                0x0800530c                DMA1_Stream7_IRQHandler
                0x0800530c                TIM7_IRQHandler
                0x0800530c                CAN2_TX_IRQHandler
                0x0800530c                DMA2_Stream7_IRQHandler
                0x0800530c                I2C3_EV_IRQHandler
                0x0800530c                EXTI9_5_IRQHandler
                0x0800530c                RTC_WKUP_IRQHandler
                0x0800530c                SPDIF_RX_IRQHandler
                0x0800530c                SPI2_IRQHandler
                0x0800530c                OTG_HS_EP1_IN_IRQHandler
                0x0800530c                DMA1_Stream0_IRQHandler
                0x0800530c                CAN1_TX_IRQHandler
                0x0800530c                EXTI4_IRQHandler
                0x0800530c                OTG_HS_EP1_OUT_IRQHandler
                0x0800530c                WWDG_IRQHandler
                0x0800530c                OTG_FS_WKUP_IRQHandler
                0x0800530c                TIM1_TRG_COM_TIM11_IRQHandler
                0x0800530c                OTG_HS_IRQHandler
                0x0800530c                EXTI1_IRQHandler
                0x0800530c                I2C2_ER_IRQHandler
                0x0800530c                DMA2_Stream1_IRQHandler
                0x0800530c                CAN1_SCE_IRQHandler
                0x0800530c                FLASH_IRQHandler
                0x0800530c                DMA2_Stream4_IRQHandler
                0x0800530c                USART1_IRQHandler
                0x0800530c                OTG_FS_IRQHandler
                0x0800530c                SPI3_IRQHandler
                0x0800530c                DMA1_Stream4_IRQHandler
                0x0800530c                I2C1_ER_IRQHandler
                0x0800530c                FMC_IRQHandler
                0x0800530c                DMA2_Stream6_IRQHandler
                0x0800530c                SAI1_IRQHandler
                0x0800530c                DMA1_Stream3_IRQHandler
                0x0800530c                FMPI2C1_Error_IRQHandler
 *fill*         0x0800530e        0x2 
 .text.cos      0x08005310       0xc0 c:/ac6/systemworkbench/plugins/fr.ac6.mcu.externaltools.arm-none.win32_1.16.0.201807130628/tools/compiler/bin/../lib/gcc/arm-none-eabi/7.2.1/../../../../arm-none-eabi/lib/thumb/v7e-m/fpv4-sp/hard\libm.a(lib_a-s_cos.o)
                0x08005310                cos
 .text.sin      0x080053d0       0xc0 c:/ac6/systemworkbench/plugins/fr.ac6.mcu.externaltools.arm-none.win32_1.16.0.201807130628/tools/compiler/bin/../lib/gcc/arm-none-eabi/7.2.1/../../../../arm-none-eabi/lib/thumb/v7e-m/fpv4-sp/hard\libm.a(lib_a-s_sin.o)
                0x080053d0                sin
 .text.__ieee754_rem_pio2
                0x08005490      0x454 c:/ac6/systemworkbench/plugins/fr.ac6.mcu.externaltools.arm-none.win32_1.16.0.201807130628/tools/compiler/bin/../lib/gcc/arm-none-eabi/7.2.1/../../../../arm-none-eabi/lib/thumb/v7e-m/fpv4-sp/hard\libm.a(lib_a-e_rem_pio2.o)
                0x08005490                __ieee754_rem_pio2
 *fill*         0x080058e4        0x4 
 .text.__kernel_cos
                0x080058e8      0x284 c:/ac6/systemworkbench/plugins/fr.ac6.mcu.externaltools.arm-none.win32_1.16.0.201807130628/tools/compiler/bin/../lib/gcc/arm-none-eabi/7.2.1/../../../../arm-none-eabi/lib/thumb/v7e-m/fpv4-sp/hard\libm.a(lib_a-k_cos.o)
                0x080058e8                __kernel_cos
 *fill*         0x08005b6c        0x4 
 .text.__kernel_rem_pio2
                0x08005b70      0x818 c:/ac6/systemworkbench/plugins/fr.ac6.mcu.externaltools.arm-none.win32_1.16.0.201807130628/tools/compiler/bin/../lib/gcc/arm-none-eabi/7.2.1/../../../../arm-none-eabi/lib/thumb/v7e-m/fpv4-sp/hard\libm.a(lib_a-k_rem_pio2.o)
                0x08005b70                __kernel_rem_pio2
 .text.__kernel_sin
                0x08006388      0x194 c:/ac6/systemworkbench/plugins/fr.ac6.mcu.externaltools.arm-none.win32_1.16.0.201807130628/tools/compiler/bin/../lib/gcc/arm-none-eabi/7.2.1/../../../../arm-none-eabi/lib/thumb/v7e-m/fpv4-sp/hard\libm.a(lib_a-k_sin.o)
                0x08006388                __kernel_sin
 .text.fabs     0x0800651c       0x14 c:/ac6/systemworkbench/plugins/fr.ac6.mcu.externaltools.arm-none.win32_1.16.0.201807130628/tools/compiler/bin/../lib/gcc/arm-none-eabi/7.2.1/../../../../arm-none-eabi/lib/thumb/v7e-m/fpv4-sp/hard\libm.a(lib_a-s_fabs.o)
                0x0800651c                fabs
 .text.floor    0x08006530      0x110 c:/ac6/systemworkbench/plugins/fr.ac6.mcu.externaltools.arm-none.win32_1.16.0.201807130628/tools/compiler/bin/../lib/gcc/arm-none-eabi/7.2.1/../../../../arm-none-eabi/lib/thumb/v7e-m/fpv4-sp/hard\libm.a(lib_a-s_floor.o)
                0x08006530                floor
 .text.scalbn   0x08006640      0x114 c:/ac6/systemworkbench/plugins/fr.ac6.mcu.externaltools.arm-none.win32_1.16.0.201807130628/tools/compiler/bin/../lib/gcc/arm-none-eabi/7.2.1/../../../../arm-none-eabi/lib/thumb/v7e-m/fpv4-sp/hard\libm.a(lib_a-s_scalbn.o)
                0x08006640                scalbn
 .text.copysign
                0x08006754       0x1c c:/ac6/systemworkbench/plugins/fr.ac6.mcu.externaltools.arm-none.win32_1.16.0.201807130628/tools/compiler/bin/../lib/gcc/arm-none-eabi/7.2.1/../../../../arm-none-eabi/lib/thumb/v7e-m/fpv4-sp/hard\libm.a(lib_a-s_copysign.o)
                0x08006754                copysign
 .text.__libc_init_array
                0x08006770       0x48 c:/ac6/systemworkbench/plugins/fr.ac6.mcu.externaltools.arm-none.win32_1.16.0.201807130628/tools/compiler/bin/../lib/gcc/arm-none-eabi/7.2.1/../../../../arm-none-eabi/lib/thumb/v7e-m/fpv4-sp/hard\libc_nano.a(lib_a-init.o)
                0x08006770                __libc_init_array
 .text.snprintf
                0x080067b8       0x68 c:/ac6/systemworkbench/plugins/fr.ac6.mcu.externaltools.arm-none.win32_1.16.0.201807130628/tools/compiler/bin/../lib/gcc/arm-none-eabi/7.2.1/../../../../arm-none-eabi/lib/thumb/v7e-m/fpv4-sp/hard\libc_nano.a(lib_a-snprintf.o)
                0x080067b8                sniprintf
                0x080067b8                snprintf
 .text.sscanf   0x08006820       0x54 c:/ac6/systemworkbench/plugins/fr.ac6.mcu.externaltools.arm-none.win32_1.16.0.201807130628/tools/compiler/bin/../lib/gcc/arm-none-eabi/7.2.1/../../../../arm-none-eabi/lib/thumb/v7e-m/fpv4-sp/hard\libc_nano.a(lib_a-sscanf.o)
                0x08006820                siscanf
                0x08006820                sscanf
 .text.__seofread
                0x08006874        0x4 c:/ac6/systemworkbench/plugins/fr.ac6.mcu.externaltools.arm-none.win32_1.16.0.201807130628/tools/compiler/bin/../lib/gcc/arm-none-eabi/7.2.1/../../../../arm-none-eabi/lib/thumb/v7e-m/fpv4-sp/hard\libc_nano.a(lib_a-stdio.o)
                0x08006874                __seofread
 .text.__ssputs_r
                0x08006878       0xb4 c:/ac6/systemworkbench/plugins/fr.ac6.mcu.externaltools.arm-none.win32_1.16.0.201807130628/tools/compiler/bin/../lib/gcc/arm-none-eabi/7.2.1/../../../../arm-none-eabi/lib/thumb/v7e-m/fpv4-sp/hard\libc_nano.a(lib_a-nano-svfprintf.o)
                0x08006878                __ssputs_r
 .text._svfprintf_r
                0x0800692c      0x1ec c:/ac6/systemworkbench/plugins/fr.ac6.mcu.externaltools.arm-none.win32_1.16.0.201807130628/tools/compiler/bin/../lib/gcc/arm-none-eabi/7.2.1/../../../../arm-none-eabi/lib/thumb/v7e-m/fpv4-sp/hard\libc_nano.a(lib_a-nano-svfprintf.o)
                0x0800692c                _svfiprintf_r
                0x0800692c                _svfprintf_r
 .text._sungetc_r
                0x08006b18       0x7a c:/ac6/systemworkbench/plugins/fr.ac6.mcu.externaltools.arm-none.win32_1.16.0.201807130628/tools/compiler/bin/../lib/gcc/arm-none-eabi/7.2.1/../../../../arm-none-eabi/lib/thumb/v7e-m/fpv4-sp/hard\libc_nano.a(lib_a-nano-svfscanf.o)
                0x08006b18                _sungetc_r
 .text.__ssrefill_r
                0x08006b92       0x3a c:/ac6/systemworkbench/plugins/fr.ac6.mcu.externaltools.arm-none.win32_1.16.0.201807130628/tools/compiler/bin/../lib/gcc/arm-none-eabi/7.2.1/../../../../arm-none-eabi/lib/thumb/v7e-m/fpv4-sp/hard\libc_nano.a(lib_a-nano-svfscanf.o)
                0x08006b92                __ssrefill_r
 .text.__ssvfscanf_r
                0x08006bcc      0x2a0 c:/ac6/systemworkbench/plugins/fr.ac6.mcu.externaltools.arm-none.win32_1.16.0.201807130628/tools/compiler/bin/../lib/gcc/arm-none-eabi/7.2.1/../../../../arm-none-eabi/lib/thumb/v7e-m/fpv4-sp/hard\libc_nano.a(lib_a-nano-svfscanf.o)
                0x08006bcc                __ssvfiscanf_r
                0x08006bcc                __ssvfscanf_r
 .text._printf_common
                0x08006e6c       0xea c:/ac6/systemworkbench/plugins/fr.ac6.mcu.externaltools.arm-none.win32_1.16.0.201807130628/tools/compiler/bin/../lib/gcc/arm-none-eabi/7.2.1/../../../../arm-none-eabi/lib/thumb/v7e-m/fpv4-sp/hard\libc_nano.a(lib_a-nano-vfprintf_i.o)
                0x08006e6c                _printf_common
 *fill*         0x08006f56        0x2 
 .text._printf_i
                0x08006f58      0x224 c:/ac6/systemworkbench/plugins/fr.ac6.mcu.externaltools.arm-none.win32_1.16.0.201807130628/tools/compiler/bin/../lib/gcc/arm-none-eabi/7.2.1/../../../../arm-none-eabi/lib/thumb/v7e-m/fpv4-sp/hard\libc_nano.a(lib_a-nano-vfprintf_i.o)
                0x08006f58                _printf_i
 .text._scanf_chars
                0x0800717c       0xc6 c:/ac6/systemworkbench/plugins/fr.ac6.mcu.externaltools.arm-none.win32_1.16.0.201807130628/tools/compiler/bin/../lib/gcc/arm-none-eabi/7.2.1/../../../../arm-none-eabi/lib/thumb/v7e-m/fpv4-sp/hard\libc_nano.a(lib_a-nano-vfscanf_i.o)
                0x0800717c                _scanf_chars
 *fill*         0x08007242        0x2 
 .text._scanf_i
                0x08007244      0x1e8 c:/ac6/systemworkbench/plugins/fr.ac6.mcu.externaltools.arm-none.win32_1.16.0.201807130628/tools/compiler/bin/../lib/gcc/arm-none-eabi/7.2.1/../../../../arm-none-eabi/lib/thumb/v7e-m/fpv4-sp/hard\libc_nano.a(lib_a-nano-vfscanf_i.o)
                0x08007244                _scanf_i
 .text.__sccl   0x0800742c       0x64 c:/ac6/systemworkbench/plugins/fr.ac6.mcu.externaltools.arm-none.win32_1.16.0.201807130628/tools/compiler/bin/../lib/gcc/arm-none-eabi/7.2.1/../../../../arm-none-eabi/lib/thumb/v7e-m/fpv4-sp/hard\libc_nano.a(lib_a-sccl.o)
                0x0800742c                __sccl
 .text._strtol_l.isra.0
                0x08007490       0xf6 c:/ac6/systemworkbench/plugins/fr.ac6.mcu.externaltools.arm-none.win32_1.16.0.201807130628/tools/compiler/bin/../lib/gcc/arm-none-eabi/7.2.1/../../../../arm-none-eabi/lib/thumb/v7e-m/fpv4-sp/hard\libc_nano.a(lib_a-strtol.o)
 *fill*         0x08007586        0x2 
 .text._strtol_r
                0x08007588       0x24 c:/ac6/systemworkbench/plugins/fr.ac6.mcu.externaltools.arm-none.win32_1.16.0.201807130628/tools/compiler/bin/../lib/gcc/arm-none-eabi/7.2.1/../../../../arm-none-eabi/lib/thumb/v7e-m/fpv4-sp/hard\libc_nano.a(lib_a-strtol.o)
                0x08007588                _strtol_r
 .text._strtoul_l.isra.0
                0x080075ac       0xf4 c:/ac6/systemworkbench/plugins/fr.ac6.mcu.externaltools.arm-none.win32_1.16.0.201807130628/tools/compiler/bin/../lib/gcc/arm-none-eabi/7.2.1/../../../../arm-none-eabi/lib/thumb/v7e-m/fpv4-sp/hard\libc_nano.a(lib_a-strtoul.o)
 .text._strtoul_r
                0x080076a0       0x24 c:/ac6/systemworkbench/plugins/fr.ac6.mcu.externaltools.arm-none.win32_1.16.0.201807130628/tools/compiler/bin/../lib/gcc/arm-none-eabi/7.2.1/../../../../arm-none-eabi/lib/thumb/v7e-m/fpv4-sp/hard\libc_nano.a(lib_a-strtoul.o)
                0x080076a0                _strtoul_r
 .text.__submore
                0x080076c4       0x74 c:/ac6/systemworkbench/plugins/fr.ac6.mcu.externaltools.arm-none.win32_1.16.0.201807130628/tools/compiler/bin/../lib/gcc/arm-none-eabi/7.2.1/../../../../arm-none-eabi/lib/thumb/v7e-m/fpv4-sp/hard\libc_nano.a(lib_a-ungetc.o)
                0x080076c4                __submore
 .text.__locale_ctype_ptr_l
                0x08007738        0x6 c:/ac6/systemworkbench/plugins/fr.ac6.mcu.externaltools.arm-none.win32_1.16.0.201807130628/tools/compiler/bin/../lib/gcc/arm-none-eabi/7.2.1/../../../../arm-none-eabi/lib/thumb/v7e-m/fpv4-sp/hard\libc_nano.a(lib_a-locale.o)
                0x08007738                __locale_ctype_ptr_l
 *fill*         0x0800773e        0x2 
 .text.__locale_ctype_ptr
                0x08007740       0x1c c:/ac6/systemworkbench/plugins/fr.ac6.mcu.externaltools.arm-none.win32_1.16.0.201807130628/tools/compiler/bin/../lib/gcc/arm-none-eabi/7.2.1/../../../../arm-none-eabi/lib/thumb/v7e-m/fpv4-sp/hard\libc_nano.a(lib_a-locale.o)
                0x08007740                __locale_ctype_ptr
 .text.__ascii_mbtowc
                0x0800775c       0x24 c:/ac6/systemworkbench/plugins/fr.ac6.mcu.externaltools.arm-none.win32_1.16.0.201807130628/tools/compiler/bin/../lib/gcc/arm-none-eabi/7.2.1/../../../../arm-none-eabi/lib/thumb/v7e-m/fpv4-sp/hard\libc_nano.a(lib_a-mbtowc_r.o)
                0x0800775c                __ascii_mbtowc
 .text.memcpy   0x08007780       0x16 c:/ac6/systemworkbench/plugins/fr.ac6.mcu.externaltools.arm-none.win32_1.16.0.201807130628/tools/compiler/bin/../lib/gcc/arm-none-eabi/7.2.1/../../../../arm-none-eabi/lib/thumb/v7e-m/fpv4-sp/hard\libc_nano.a(lib_a-memcpy-stub.o)
                0x08007780                memcpy
 .text.memmove  0x08007796       0x32 c:/ac6/systemworkbench/plugins/fr.ac6.mcu.externaltools.arm-none.win32_1.16.0.201807130628/tools/compiler/bin/../lib/gcc/arm-none-eabi/7.2.1/../../../../arm-none-eabi/lib/thumb/v7e-m/fpv4-sp/hard\libc_nano.a(lib_a-memmove.o)
                0x08007796                memmove
 .text._free_r  0x080077c8       0x9c c:/ac6/systemworkbench/plugins/fr.ac6.mcu.externaltools.arm-none.win32_1.16.0.201807130628/tools/compiler/bin/../lib/gcc/arm-none-eabi/7.2.1/../../../../arm-none-eabi/lib/thumb/v7e-m/fpv4-sp/hard\libc_nano.a(lib_a-nano-freer.o)
                0x080077c8                _free_r
 .text._malloc_r
                0x08007864       0xb4 c:/ac6/systemworkbench/plugins/fr.ac6.mcu.externaltools.arm-none.win32_1.16.0.201807130628/tools/compiler/bin/../lib/gcc/arm-none-eabi/7.2.1/../../../../arm-none-eabi/lib/thumb/v7e-m/fpv4-sp/hard\libc_nano.a(lib_a-nano-mallocr.o)
                0x08007864                _malloc_r
 .text._realloc_r
                0x08007918       0x4c c:/ac6/systemworkbench/plugins/fr.ac6.mcu.externaltools.arm-none.win32_1.16.0.201807130628/tools/compiler/bin/../lib/gcc/arm-none-eabi/7.2.1/../../../../arm-none-eabi/lib/thumb/v7e-m/fpv4-sp/hard\libc_nano.a(lib_a-nano-reallocr.o)
                0x08007918                _realloc_r
 .text._sbrk_r  0x08007964       0x20 c:/ac6/systemworkbench/plugins/fr.ac6.mcu.externaltools.arm-none.win32_1.16.0.201807130628/tools/compiler/bin/../lib/gcc/arm-none-eabi/7.2.1/../../../../arm-none-eabi/lib/thumb/v7e-m/fpv4-sp/hard\libc_nano.a(lib_a-sbrkr.o)
                0x08007964                _sbrk_r
 .text.__ascii_wctomb
                0x08007984       0x1a c:/ac6/systemworkbench/plugins/fr.ac6.mcu.externaltools.arm-none.win32_1.16.0.201807130628/tools/compiler/bin/../lib/gcc/arm-none-eabi/7.2.1/../../../../arm-none-eabi/lib/thumb/v7e-m/fpv4-sp/hard\libc_nano.a(lib_a-wctomb_r.o)
                0x08007984                __ascii_wctomb
 .text.__malloc_lock
                0x0800799e        0x2 c:/ac6/systemworkbench/plugins/fr.ac6.mcu.externaltools.arm-none.win32_1.16.0.201807130628/tools/compiler/bin/../lib/gcc/arm-none-eabi/7.2.1/../../../../arm-none-eabi/lib/thumb/v7e-m/fpv4-sp/hard\libc_nano.a(lib_a-mlock.o)
                0x0800799e                __malloc_lock
 .text.__malloc_unlock
                0x080079a0        0x2 c:/ac6/systemworkbench/plugins/fr.ac6.mcu.externaltools.arm-none.win32_1.16.0.201807130628/tools/compiler/bin/../lib/gcc/arm-none-eabi/7.2.1/../../../../arm-none-eabi/lib/thumb/v7e-m/fpv4-sp/hard\libc_nano.a(lib_a-mlock.o)
                0x080079a0                __malloc_unlock
 .text._malloc_usable_size_r
                0x080079a2       0x10 c:/ac6/systemworkbench/plugins/fr.ac6.mcu.externaltools.arm-none.win32_1.16.0.201807130628/tools/compiler/bin/../lib/gcc/arm-none-eabi/7.2.1/../../../../arm-none-eabi/lib/thumb/v7e-m/fpv4-sp/hard\libc_nano.a(lib_a-nano-msizer.o)
                0x080079a2                _malloc_usable_size_r
 *fill*         0x080079b2        0x2 
 .text._sbrk    0x080079b4       0x1c c:/ac6/systemworkbench/plugins/fr.ac6.mcu.externaltools.arm-none.win32_1.16.0.201807130628/tools/compiler/bin/../lib/gcc/arm-none-eabi/7.2.1/../../../../arm-none-eabi/lib/thumb/v7e-m/fpv4-sp/hard\libnosys.a(sbrk.o)
                0x080079b4                _sbrk
 *(.glue_7)
 .glue_7        0x080079d0        0x0 linker stubs
 *(.glue_7t)
 .glue_7t       0x080079d0        0x0 linker stubs
 *(.eh_frame)
 .eh_frame      0x080079d0        0x0 c:/ac6/systemworkbench/plugins/fr.ac6.mcu.externaltools.arm-none.win32_1.16.0.201807130628/tools/compiler/bin/../lib/gcc/arm-none-eabi/7.2.1/thumb/v7e-m/fpv4-sp/hard/crtbegin.o
 *(.init)
 .init          0x080079d0        0x4 c:/ac6/systemworkbench/plugins/fr.ac6.mcu.externaltools.arm-none.win32_1.16.0.201807130628/tools/compiler/bin/../lib/gcc/arm-none-eabi/7.2.1/thumb/v7e-m/fpv4-sp/hard/crti.o
                0x080079d0                _init
 .init          0x080079d4        0x8 c:/ac6/systemworkbench/plugins/fr.ac6.mcu.externaltools.arm-none.win32_1.16.0.201807130628/tools/compiler/bin/../lib/gcc/arm-none-eabi/7.2.1/thumb/v7e-m/fpv4-sp/hard/crtn.o
 *(.fini)
 .fini          0x080079dc        0x4 c:/ac6/systemworkbench/plugins/fr.ac6.mcu.externaltools.arm-none.win32_1.16.0.201807130628/tools/compiler/bin/../lib/gcc/arm-none-eabi/7.2.1/thumb/v7e-m/fpv4-sp/hard/crti.o
                0x080079dc                _fini
 .fini          0x080079e0        0x8 c:/ac6/systemworkbench/plugins/fr.ac6.mcu.externaltools.arm-none.win32_1.16.0.201807130628/tools/compiler/bin/../lib/gcc/arm-none-eabi/7.2.1/thumb/v7e-m/fpv4-sp/hard/crtn.o
                0x080079e8                . = ALIGN (0x4)
                0x080079e8                _etext = .

.vfp11_veneer   0x080079e8        0x0
 .vfp11_veneer  0x080079e8        0x0 linker stubs

.v4_bx          0x080079e8        0x0
 .v4_bx         0x080079e8        0x0 linker stubs

.iplt           0x080079e8        0x0
 .iplt          0x080079e8        0x0 c:/ac6/systemworkbench/plugins/fr.ac6.mcu.externaltools.arm-none.win32_1.16.0.201807130628/tools/compiler/bin/../lib/gcc/arm-none-eabi/7.2.1/thumb/v7e-m/fpv4-sp/hard/crtbegin.o

.rodata         0x080079e8      0x3ec
                0x080079e8                . = ALIGN (0x4)
 *(.rodata)
 .rodata        0x080079e8        0x7 Src/communicationvsz.o
 *fill*         0x080079ef        0x1 
 .rodata        0x080079f0       0x18 Src/system_stm32f4xx.o
                0x080079f0                AHBPrescTable
                0x08007a00                APBPrescTable
 .rodata        0x08007a08        0xc c:/ac6/systemworkbench/plugins/fr.ac6.mcu.externaltools.arm-none.win32_1.16.0.201807130628/tools/compiler/bin/../lib/gcc/arm-none-eabi/7.2.1/../../../../arm-none-eabi/lib/thumb/v7e-m/fpv4-sp/hard\libc_nano.a(lib_a-nano-vfscanf_i.o)
 *(.rodata*)
 .rodata.str1.4
                0x08007a14       0x1b Src/communicationOUT.o
 *fill*         0x08007a2f        0x1 
 .rodata.str1.4
                0x08007a30       0x10 Src/main.o
                                  0xe (size before relaxing)
 .rodata.npio2_hw
                0x08007a40       0x80 c:/ac6/systemworkbench/plugins/fr.ac6.mcu.externaltools.arm-none.win32_1.16.0.201807130628/tools/compiler/bin/../lib/gcc/arm-none-eabi/7.2.1/../../../../arm-none-eabi/lib/thumb/v7e-m/fpv4-sp/hard\libm.a(lib_a-e_rem_pio2.o)
 .rodata.two_over_pi
                0x08007ac0      0x108 c:/ac6/systemworkbench/plugins/fr.ac6.mcu.externaltools.arm-none.win32_1.16.0.201807130628/tools/compiler/bin/../lib/gcc/arm-none-eabi/7.2.1/../../../../arm-none-eabi/lib/thumb/v7e-m/fpv4-sp/hard\libm.a(lib_a-e_rem_pio2.o)
 .rodata.PIo2   0x08007bc8       0x40 c:/ac6/systemworkbench/plugins/fr.ac6.mcu.externaltools.arm-none.win32_1.16.0.201807130628/tools/compiler/bin/../lib/gcc/arm-none-eabi/7.2.1/../../../../arm-none-eabi/lib/thumb/v7e-m/fpv4-sp/hard\libm.a(lib_a-k_rem_pio2.o)
 .rodata.init_jk
                0x08007c08       0x10 c:/ac6/systemworkbench/plugins/fr.ac6.mcu.externaltools.arm-none.win32_1.16.0.201807130628/tools/compiler/bin/../lib/gcc/arm-none-eabi/7.2.1/../../../../arm-none-eabi/lib/thumb/v7e-m/fpv4-sp/hard\libm.a(lib_a-k_rem_pio2.o)
 .rodata._svfprintf_r.str1.1
                0x08007c18       0x11 c:/ac6/systemworkbench/plugins/fr.ac6.mcu.externaltools.arm-none.win32_1.16.0.201807130628/tools/compiler/bin/../lib/gcc/arm-none-eabi/7.2.1/../../../../arm-none-eabi/lib/thumb/v7e-m/fpv4-sp/hard\libc_nano.a(lib_a-nano-svfprintf.o)
 .rodata.__ssvfscanf_r.str1.1
                0x08007c29        0x4 c:/ac6/systemworkbench/plugins/fr.ac6.mcu.externaltools.arm-none.win32_1.16.0.201807130628/tools/compiler/bin/../lib/gcc/arm-none-eabi/7.2.1/../../../../arm-none-eabi/lib/thumb/v7e-m/fpv4-sp/hard\libc_nano.a(lib_a-nano-svfscanf.o)
 .rodata._printf_i.str1.1
                0x08007c29       0x22 c:/ac6/systemworkbench/plugins/fr.ac6.mcu.externaltools.arm-none.win32_1.16.0.201807130628/tools/compiler/bin/../lib/gcc/arm-none-eabi/7.2.1/../../../../arm-none-eabi/lib/thumb/v7e-m/fpv4-sp/hard\libc_nano.a(lib_a-nano-vfprintf_i.o)
 .rodata._scanf_i.str1.1
                0x08007c4b       0x12 c:/ac6/systemworkbench/plugins/fr.ac6.mcu.externaltools.arm-none.win32_1.16.0.201807130628/tools/compiler/bin/../lib/gcc/arm-none-eabi/7.2.1/../../../../arm-none-eabi/lib/thumb/v7e-m/fpv4-sp/hard\libc_nano.a(lib_a-nano-vfscanf_i.o)
 .rodata.str1.1
                0x08007c5d        0x9 c:/ac6/systemworkbench/plugins/fr.ac6.mcu.externaltools.arm-none.win32_1.16.0.201807130628/tools/compiler/bin/../lib/gcc/arm-none-eabi/7.2.1/../../../../arm-none-eabi/lib/thumb/v7e-m/fpv4-sp/hard\libc_nano.a(lib_a-nano-vfscanf_i.o)
 *fill*         0x08007c66        0x2 
 .rodata.__sf_fake_stderr
                0x08007c68       0x20 c:/ac6/systemworkbench/plugins/fr.ac6.mcu.externaltools.arm-none.win32_1.16.0.201807130628/tools/compiler/bin/../lib/gcc/arm-none-eabi/7.2.1/../../../../arm-none-eabi/lib/thumb/v7e-m/fpv4-sp/hard\libc_nano.a(lib_a-findfp.o)
                0x08007c68                __sf_fake_stderr
 .rodata.__sf_fake_stdin
                0x08007c88       0x20 c:/ac6/systemworkbench/plugins/fr.ac6.mcu.externaltools.arm-none.win32_1.16.0.201807130628/tools/compiler/bin/../lib/gcc/arm-none-eabi/7.2.1/../../../../arm-none-eabi/lib/thumb/v7e-m/fpv4-sp/hard\libc_nano.a(lib_a-findfp.o)
                0x08007c88                __sf_fake_stdin
 .rodata.__sf_fake_stdout
                0x08007ca8       0x20 c:/ac6/systemworkbench/plugins/fr.ac6.mcu.externaltools.arm-none.win32_1.16.0.201807130628/tools/compiler/bin/../lib/gcc/arm-none-eabi/7.2.1/../../../../arm-none-eabi/lib/thumb/v7e-m/fpv4-sp/hard\libc_nano.a(lib_a-findfp.o)
                0x08007ca8                __sf_fake_stdout
 .rodata._setlocale_r.str1.1
                0x08007cc8        0x8 c:/ac6/systemworkbench/plugins/fr.ac6.mcu.externaltools.arm-none.win32_1.16.0.201807130628/tools/compiler/bin/../lib/gcc/arm-none-eabi/7.2.1/../../../../arm-none-eabi/lib/thumb/v7e-m/fpv4-sp/hard\libc_nano.a(lib_a-locale.o)
                                  0x9 (size before relaxing)
 .rodata.str1.1
                0x08007cd0        0x2 c:/ac6/systemworkbench/plugins/fr.ac6.mcu.externaltools.arm-none.win32_1.16.0.201807130628/tools/compiler/bin/../lib/gcc/arm-none-eabi/7.2.1/../../../../arm-none-eabi/lib/thumb/v7e-m/fpv4-sp/hard\libc_nano.a(lib_a-locale.o)
 .rodata._ctype_
                0x08007cd2      0x101 c:/ac6/systemworkbench/plugins/fr.ac6.mcu.externaltools.arm-none.win32_1.16.0.201807130628/tools/compiler/bin/../lib/gcc/arm-none-eabi/7.2.1/../../../../arm-none-eabi/lib/thumb/v7e-m/fpv4-sp/hard\libc_nano.a(lib_a-ctype_.o)
                0x08007cd2                _ctype_
                0x08007dd4                . = ALIGN (0x4)
 *fill*         0x08007dd3        0x1 

.ARM.extab
 *(.ARM.extab* .gnu.linkonce.armextab.*)

.ARM            0x08007dd4        0x8
                0x08007dd4                __exidx_start = .
 *(.ARM.exidx*)
 .ARM.exidx     0x08007dd4        0x8 c:/ac6/systemworkbench/plugins/fr.ac6.mcu.externaltools.arm-none.win32_1.16.0.201807130628/tools/compiler/bin/../lib/gcc/arm-none-eabi/7.2.1/thumb/v7e-m/fpv4-sp/hard\libgcc.a(_udivmoddi4.o)
                0x08007ddc                __exidx_end = .

.rel.dyn        0x08007ddc        0x0
 .rel.iplt      0x08007ddc        0x0 c:/ac6/systemworkbench/plugins/fr.ac6.mcu.externaltools.arm-none.win32_1.16.0.201807130628/tools/compiler/bin/../lib/gcc/arm-none-eabi/7.2.1/thumb/v7e-m/fpv4-sp/hard/crtbegin.o

.preinit_array  0x08007ddc        0x0
                0x08007ddc                PROVIDE (__preinit_array_start, .)
 *(.preinit_array*)
                0x08007ddc                PROVIDE (__preinit_array_end, .)

.init_array     0x08007ddc        0x4
                0x08007ddc                PROVIDE (__init_array_start, .)
 *(SORT_BY_NAME(.init_array.*))
 *(.init_array*)
 .init_array    0x08007ddc        0x4 c:/ac6/systemworkbench/plugins/fr.ac6.mcu.externaltools.arm-none.win32_1.16.0.201807130628/tools/compiler/bin/../lib/gcc/arm-none-eabi/7.2.1/thumb/v7e-m/fpv4-sp/hard/crtbegin.o
                0x08007de0                PROVIDE (__init_array_end, .)

.fini_array     0x08007de0        0x4
                [!provide]                PROVIDE (__fini_array_start, .)
 *(SORT_BY_NAME(.fini_array.*))
 *(.fini_array*)
 .fini_array    0x08007de0        0x4 c:/ac6/systemworkbench/plugins/fr.ac6.mcu.externaltools.arm-none.win32_1.16.0.201807130628/tools/compiler/bin/../lib/gcc/arm-none-eabi/7.2.1/thumb/v7e-m/fpv4-sp/hard/crtbegin.o
                [!provide]                PROVIDE (__fini_array_end, .)
                0x08007de4                _sidata = LOADADDR (.data)

.data           0x20000000      0x210 load address 0x08007de4
                0x20000000                . = ALIGN (0x4)
                0x20000000                _sdata = .
 *(.data)
 .data          0x20000000        0x8 Drivers/STM32F4xx_HAL_Driver/Src/stm32f4xx_hal.o
                0x20000000                uwTickFreq
                0x20000004                uwTickPrio
 .data          0x20000008        0x4 Src/communicationvsz.o
                0x20000008                tav
 .data          0x2000000c       0x20 Src/controlSTEERING.o
                0x2000000c                p
                0x20000010                d
                0x20000014                scalelassu
                0x20000018                scalegyors
                0x2000001c                plassu
                0x20000020                dlassu
                0x20000024                pgyors
                0x20000028                dgyors
 .data          0x2000002c        0xc Src/controlVELOCITY.o
                0x2000002c                vlassu
                0x20000030                vgyors
                0x20000034                vsavvalt
 .data          0x20000038        0x4 Src/system_stm32f4xx.o
                0x20000038                SystemCoreClock
 .data          0x2000003c        0x2 Src/tracking.o
                0x2000003c                offsetlimit
 *(.data*)
 *fill*         0x2000003e        0x2 
 .data._impure_ptr
                0x20000040        0x4 c:/ac6/systemworkbench/plugins/fr.ac6.mcu.externaltools.arm-none.win32_1.16.0.201807130628/tools/compiler/bin/../lib/gcc/arm-none-eabi/7.2.1/../../../../arm-none-eabi/lib/thumb/v7e-m/fpv4-sp/hard\libc_nano.a(lib_a-impure.o)
                0x20000040                _impure_ptr
 .data.impure_data
                0x20000044       0x60 c:/ac6/systemworkbench/plugins/fr.ac6.mcu.externaltools.arm-none.win32_1.16.0.201807130628/tools/compiler/bin/../lib/gcc/arm-none-eabi/7.2.1/../../../../arm-none-eabi/lib/thumb/v7e-m/fpv4-sp/hard\libc_nano.a(lib_a-impure.o)
 .data.__global_locale
                0x200000a4      0x16c c:/ac6/systemworkbench/plugins/fr.ac6.mcu.externaltools.arm-none.win32_1.16.0.201807130628/tools/compiler/bin/../lib/gcc/arm-none-eabi/7.2.1/../../../../arm-none-eabi/lib/thumb/v7e-m/fpv4-sp/hard\libc_nano.a(lib_a-locale.o)
                0x200000a4                __global_locale
                0x20000210                . = ALIGN (0x4)
                0x20000210                _edata = .

.igot.plt       0x20000210        0x0 load address 0x08007ff4
 .igot.plt      0x20000210        0x0 c:/ac6/systemworkbench/plugins/fr.ac6.mcu.externaltools.arm-none.win32_1.16.0.201807130628/tools/compiler/bin/../lib/gcc/arm-none-eabi/7.2.1/thumb/v7e-m/fpv4-sp/hard/crtbegin.o
                0x20000210                . = ALIGN (0x4)

.bss            0x20000210      0x504 load address 0x08007ff4
                0x20000210                _sbss = .
                0x20000210                __bss_start__ = _sbss
 *(.bss)
 .bss           0x20000210       0x1c c:/ac6/systemworkbench/plugins/fr.ac6.mcu.externaltools.arm-none.win32_1.16.0.201807130628/tools/compiler/bin/../lib/gcc/arm-none-eabi/7.2.1/thumb/v7e-m/fpv4-sp/hard/crtbegin.o
 .bss           0x2000022c        0xc Src/actuator.o
                0x2000022c                flagsavvaltas
                0x20000230                uwDutyCycle
                0x20000234                uwIC2Value
 .bss           0x20000238        0x4 Src/communicationvsz.o
                0x20000238                szaml
                0x20000239                feldvege
                0x2000023a                olveleje
                0x2000023b                count
 .bss           0x2000023c        0xc Src/controlSTEERING.o
                0x2000023c                hiba
                0x20000240                elozohiba
                0x20000244                beavatkozo
 .bss           0x20000248       0x20 Src/controlVELOCITY.o
                0x20000248                u2prev
                0x2000024c                uprev
                0x20000250                v
                0x20000254                epres
                0x20000258                upres
                0x2000025c                vfek
                0x20000260                u
                0x20000264                u2
 .bss           0x20000268       0x15 Src/linetracking.o
                0x20000268                nullavonalszam
                0x2000026c                egyvonalszam
                0x20000270                haromvonalszam
                0x20000274                flagharom
                0x20000278                hossz
                0x2000027c                flagketto
 *fill*         0x2000027d        0x3 
 .bss           0x20000280        0xd Src/statemachine.o
                0x20000280                statelab
                0x20000284                endlocation
                0x2000028c                state
 *fill*         0x2000028d        0x1 
 .bss           0x2000028e       0x24 Src/timing.o
                0x2000028e                flagspeed
                0x20000290                timespeed
                0x20000292                flagbluetooth
                0x20000294                timebluetooth
                0x20000296                flagvonalszam
                0x20000298                timevonalszam
                0x2000029a                flagallapotgep
                0x2000029c                timeallapotgep
                0x2000029e                flagbeav
                0x200002a0                timebeav
                0x200002a2                flaguartproc
                0x200002a4                timeuartproc
                0x200002a6                flagangle
                0x200002a8                timeangle
                0x200002aa                flagangleoffset
                0x200002ac                timeangleoffset
                0x200002ae                flagregulator
                0x200002b0                timeregulator
 *fill*         0x200002b2        0x2 
 .bss           0x200002b4       0x18 Src/tracking.o
                0x200002b4                offsetcnt
                0x200002b8                speed
                0x200002bc                currentX
                0x200002c0                currentY
                0x200002c4                counterpres
                0x200002c8                counterprev
 *(.bss*)
 .bss.__malloc_free_list
                0x200002cc        0x4 c:/ac6/systemworkbench/plugins/fr.ac6.mcu.externaltools.arm-none.win32_1.16.0.201807130628/tools/compiler/bin/../lib/gcc/arm-none-eabi/7.2.1/../../../../arm-none-eabi/lib/thumb/v7e-m/fpv4-sp/hard\libc_nano.a(lib_a-nano-mallocr.o)
                0x200002cc                __malloc_free_list
 .bss.__malloc_sbrk_start
                0x200002d0        0x4 c:/ac6/systemworkbench/plugins/fr.ac6.mcu.externaltools.arm-none.win32_1.16.0.201807130628/tools/compiler/bin/../lib/gcc/arm-none-eabi/7.2.1/../../../../arm-none-eabi/lib/thumb/v7e-m/fpv4-sp/hard\libc_nano.a(lib_a-nano-mallocr.o)
                0x200002d0                __malloc_sbrk_start
 .bss.heap_end.5377
                0x200002d4        0x4 c:/ac6/systemworkbench/plugins/fr.ac6.mcu.externaltools.arm-none.win32_1.16.0.201807130628/tools/compiler/bin/../lib/gcc/arm-none-eabi/7.2.1/../../../../arm-none-eabi/lib/thumb/v7e-m/fpv4-sp/hard\libnosys.a(sbrk.o)
 *(COMMON)
 COMMON         0x200002d8        0x4 Drivers/STM32F4xx_HAL_Driver/Src/stm32f4xx_hal.o
                0x200002d8                uwTick
 COMMON         0x200002dc       0x81 Src/communicationvsz.o
                0x200002dc                posarray
                0x2000031c                data
                0x2000035c                RxBuff
 *fill*         0x2000035d        0x1 
 COMMON         0x2000035e        0x6 Src/controlSTEERING.o
                0x2000035e                pos
                0x20000360                posh
                0x20000362                flaglassu
                0x20000363                flaggyors
 COMMON         0x20000364        0x4 Src/linetracking.o
                0x20000364                startposition
 COMMON         0x20000368      0x394 Src/main.o
                0x20000368                hspi2
                0x200003c0                htim4
                0x200003fc                huart3
                0x2000043c                hi2c1
                0x20000490                htim10
                0x200004cc                htim5
                0x20000508                htim3
                0x20000544                hadc1
                0x2000058c                htim13
                0x200005c8                htim1
                0x20000604                huart4
                0x20000644                htim2
                0x20000680                huart2
                0x200006c0                htim14
 COMMON         0x200006fc       0x14 Src/tracking.o
                0x200006fc                txdata1
                0x20000700                enabledata
                0x20000704                rxdata1
                0x20000708                offsetszog
                0x2000070c                szogseb
 COMMON         0x20000710        0x4 c:/ac6/systemworkbench/plugins/fr.ac6.mcu.externaltools.arm-none.win32_1.16.0.201807130628/tools/compiler/bin/../lib/gcc/arm-none-eabi/7.2.1/../../../../arm-none-eabi/lib/thumb/v7e-m/fpv4-sp/hard\libc_nano.a(lib_a-reent.o)
                0x20000710                errno
                0x20000714                . = ALIGN (0x4)
                0x20000714                _ebss = .
                0x20000714                __bss_end__ = _ebss

._user_heap_stack
                0x20000714      0x604 load address 0x08007ff4
                0x20000718                . = ALIGN (0x8)
 *fill*         0x20000714        0x4 
                0x20000718                PROVIDE (end, .)
                [!provide]                PROVIDE (_end, .)
                0x20000918                . = (. + _Min_Heap_Size)
 *fill*         0x20000718      0x200 
                0x20000d18                . = (. + _Min_Stack_Size)
 *fill*         0x20000918      0x400 
                0x20000d18                . = ALIGN (0x8)

/DISCARD/
 libc.a(*)
 libm.a(*)
 libgcc.a(*)

.ARM.attributes
                0x00000000       0x30
 *(.ARM.attributes)
 .ARM.attributes
                0x00000000       0x22 c:/ac6/systemworkbench/plugins/fr.ac6.mcu.externaltools.arm-none.win32_1.16.0.201807130628/tools/compiler/bin/../lib/gcc/arm-none-eabi/7.2.1/thumb/v7e-m/fpv4-sp/hard/crti.o
 .ARM.attributes
                0x00000022       0x34 c:/ac6/systemworkbench/plugins/fr.ac6.mcu.externaltools.arm-none.win32_1.16.0.201807130628/tools/compiler/bin/../lib/gcc/arm-none-eabi/7.2.1/thumb/v7e-m/fpv4-sp/hard/crtbegin.o
 .ARM.attributes
                0x00000056       0x39 Drivers/STM32F4xx_HAL_Driver/Src/stm32f4xx_hal.o
 .ARM.attributes
                0x0000008f       0x39 Drivers/STM32F4xx_HAL_Driver/Src/stm32f4xx_hal_adc.o
 .ARM.attributes
                0x000000c8       0x39 Drivers/STM32F4xx_HAL_Driver/Src/stm32f4xx_hal_cortex.o
 .ARM.attributes
                0x00000101       0x39 Drivers/STM32F4xx_HAL_Driver/Src/stm32f4xx_hal_dma.o
 .ARM.attributes
                0x0000013a       0x39 Drivers/STM32F4xx_HAL_Driver/Src/stm32f4xx_hal_gpio.o
 .ARM.attributes
                0x00000173       0x39 Drivers/STM32F4xx_HAL_Driver/Src/stm32f4xx_hal_i2c.o
 .ARM.attributes
                0x000001ac       0x39 Drivers/STM32F4xx_HAL_Driver/Src/stm32f4xx_hal_rcc.o
 .ARM.attributes
                0x000001e5       0x39 Drivers/STM32F4xx_HAL_Driver/Src/stm32f4xx_hal_rcc_ex.o
 .ARM.attributes
                0x0000021e       0x39 Drivers/STM32F4xx_HAL_Driver/Src/stm32f4xx_hal_spi.o
 .ARM.attributes
                0x00000257       0x39 Drivers/STM32F4xx_HAL_Driver/Src/stm32f4xx_hal_tim.o
 .ARM.attributes
                0x00000290       0x39 Drivers/STM32F4xx_HAL_Driver/Src/stm32f4xx_hal_tim_ex.o
 .ARM.attributes
                0x000002c9       0x39 Drivers/STM32F4xx_HAL_Driver/Src/stm32f4xx_hal_uart.o
 .ARM.attributes
                0x00000302       0x39 Src/actuator.o
 .ARM.attributes
                0x0000033b       0x39 Src/communicationOUT.o
 .ARM.attributes
                0x00000374       0x39 Src/communicationvsz.o
 .ARM.attributes
                0x000003ad       0x39 Src/controlSTEERING.o
 .ARM.attributes
                0x000003e6       0x39 Src/controlVELOCITY.o
 .ARM.attributes
                0x0000041f       0x39 Src/linetracking.o
 .ARM.attributes
                0x00000458       0x39 Src/main.o
 .ARM.attributes
                0x00000491       0x39 Src/statemachine.o
 .ARM.attributes
                0x000004ca       0x39 Src/stm32f4xx_hal_msp.o
 .ARM.attributes
                0x00000503       0x39 Src/stm32f4xx_it.o
 .ARM.attributes
                0x0000053c       0x39 Src/system_stm32f4xx.o
 .ARM.attributes
                0x00000575       0x39 Src/timing.o
 .ARM.attributes
                0x000005ae       0x39 Src/tracking.o
 .ARM.attributes
                0x000005e7       0x21 startup/startup_stm32f446xx.o
 .ARM.attributes
                0x00000608       0x34 c:/ac6/systemworkbench/plugins/fr.ac6.mcu.externaltools.arm-none.win32_1.16.0.201807130628/tools/compiler/bin/../lib/gcc/arm-none-eabi/7.2.1/../../../../arm-none-eabi/lib/thumb/v7e-m/fpv4-sp/hard\libm.a(lib_a-s_cos.o)
 .ARM.attributes
                0x0000063c       0x34 c:/ac6/systemworkbench/plugins/fr.ac6.mcu.externaltools.arm-none.win32_1.16.0.201807130628/tools/compiler/bin/../lib/gcc/arm-none-eabi/7.2.1/../../../../arm-none-eabi/lib/thumb/v7e-m/fpv4-sp/hard\libm.a(lib_a-s_sin.o)
 .ARM.attributes
                0x00000670       0x34 c:/ac6/systemworkbench/plugins/fr.ac6.mcu.externaltools.arm-none.win32_1.16.0.201807130628/tools/compiler/bin/../lib/gcc/arm-none-eabi/7.2.1/../../../../arm-none-eabi/lib/thumb/v7e-m/fpv4-sp/hard\libm.a(lib_a-e_rem_pio2.o)
 .ARM.attributes
                0x000006a4       0x34 c:/ac6/systemworkbench/plugins/fr.ac6.mcu.externaltools.arm-none.win32_1.16.0.201807130628/tools/compiler/bin/../lib/gcc/arm-none-eabi/7.2.1/../../../../arm-none-eabi/lib/thumb/v7e-m/fpv4-sp/hard\libm.a(lib_a-k_cos.o)
 .ARM.attributes
                0x000006d8       0x34 c:/ac6/systemworkbench/plugins/fr.ac6.mcu.externaltools.arm-none.win32_1.16.0.201807130628/tools/compiler/bin/../lib/gcc/arm-none-eabi/7.2.1/../../../../arm-none-eabi/lib/thumb/v7e-m/fpv4-sp/hard\libm.a(lib_a-k_rem_pio2.o)
 .ARM.attributes
                0x0000070c       0x34 c:/ac6/systemworkbench/plugins/fr.ac6.mcu.externaltools.arm-none.win32_1.16.0.201807130628/tools/compiler/bin/../lib/gcc/arm-none-eabi/7.2.1/../../../../arm-none-eabi/lib/thumb/v7e-m/fpv4-sp/hard\libm.a(lib_a-k_sin.o)
 .ARM.attributes
                0x00000740       0x34 c:/ac6/systemworkbench/plugins/fr.ac6.mcu.externaltools.arm-none.win32_1.16.0.201807130628/tools/compiler/bin/../lib/gcc/arm-none-eabi/7.2.1/../../../../arm-none-eabi/lib/thumb/v7e-m/fpv4-sp/hard\libm.a(lib_a-s_fabs.o)
 .ARM.attributes
                0x00000774       0x34 c:/ac6/systemworkbench/plugins/fr.ac6.mcu.externaltools.arm-none.win32_1.16.0.201807130628/tools/compiler/bin/../lib/gcc/arm-none-eabi/7.2.1/../../../../arm-none-eabi/lib/thumb/v7e-m/fpv4-sp/hard\libm.a(lib_a-s_floor.o)
 .ARM.attributes
                0x000007a8       0x34 c:/ac6/systemworkbench/plugins/fr.ac6.mcu.externaltools.arm-none.win32_1.16.0.201807130628/tools/compiler/bin/../lib/gcc/arm-none-eabi/7.2.1/../../../../arm-none-eabi/lib/thumb/v7e-m/fpv4-sp/hard\libm.a(lib_a-s_scalbn.o)
 .ARM.attributes
                0x000007dc       0x34 c:/ac6/systemworkbench/plugins/fr.ac6.mcu.externaltools.arm-none.win32_1.16.0.201807130628/tools/compiler/bin/../lib/gcc/arm-none-eabi/7.2.1/../../../../arm-none-eabi/lib/thumb/v7e-m/fpv4-sp/hard\libm.a(lib_a-s_copysign.o)
 .ARM.attributes
                0x00000810       0x22 c:/ac6/systemworkbench/plugins/fr.ac6.mcu.externaltools.arm-none.win32_1.16.0.201807130628/tools/compiler/bin/../lib/gcc/arm-none-eabi/7.2.1/thumb/v7e-m/fpv4-sp/hard\libgcc.a(_arm_addsubdf3.o)
 .ARM.attributes
                0x00000832       0x22 c:/ac6/systemworkbench/plugins/fr.ac6.mcu.externaltools.arm-none.win32_1.16.0.201807130628/tools/compiler/bin/../lib/gcc/arm-none-eabi/7.2.1/thumb/v7e-m/fpv4-sp/hard\libgcc.a(_arm_muldivdf3.o)
 .ARM.attributes
                0x00000854       0x22 c:/ac6/systemworkbench/plugins/fr.ac6.mcu.externaltools.arm-none.win32_1.16.0.201807130628/tools/compiler/bin/../lib/gcc/arm-none-eabi/7.2.1/thumb/v7e-m/fpv4-sp/hard\libgcc.a(_arm_cmpdf2.o)
 .ARM.attributes
                0x00000876       0x22 c:/ac6/systemworkbench/plugins/fr.ac6.mcu.externaltools.arm-none.win32_1.16.0.201807130628/tools/compiler/bin/../lib/gcc/arm-none-eabi/7.2.1/thumb/v7e-m/fpv4-sp/hard\libgcc.a(_arm_fixdfsi.o)
 .ARM.attributes
                0x00000898       0x22 c:/ac6/systemworkbench/plugins/fr.ac6.mcu.externaltools.arm-none.win32_1.16.0.201807130628/tools/compiler/bin/../lib/gcc/arm-none-eabi/7.2.1/thumb/v7e-m/fpv4-sp/hard\libgcc.a(_arm_truncdfsf2.o)
 .ARM.attributes
                0x000008ba       0x22 c:/ac6/systemworkbench/plugins/fr.ac6.mcu.externaltools.arm-none.win32_1.16.0.201807130628/tools/compiler/bin/../lib/gcc/arm-none-eabi/7.2.1/thumb/v7e-m/fpv4-sp/hard\libgcc.a(_aeabi_uldivmod.o)
 .ARM.attributes
                0x000008dc       0x34 c:/ac6/systemworkbench/plugins/fr.ac6.mcu.externaltools.arm-none.win32_1.16.0.201807130628/tools/compiler/bin/../lib/gcc/arm-none-eabi/7.2.1/thumb/v7e-m/fpv4-sp/hard\libgcc.a(_udivmoddi4.o)
 .ARM.attributes
                0x00000910       0x22 c:/ac6/systemworkbench/plugins/fr.ac6.mcu.externaltools.arm-none.win32_1.16.0.201807130628/tools/compiler/bin/../lib/gcc/arm-none-eabi/7.2.1/thumb/v7e-m/fpv4-sp/hard\libgcc.a(_dvmd_tls.o)
 .ARM.attributes
                0x00000932       0x34 c:/ac6/systemworkbench/plugins/fr.ac6.mcu.externaltools.arm-none.win32_1.16.0.201807130628/tools/compiler/bin/../lib/gcc/arm-none-eabi/7.2.1/../../../../arm-none-eabi/lib/thumb/v7e-m/fpv4-sp/hard\libc_nano.a(lib_a-impure.o)
 .ARM.attributes
                0x00000966       0x34 c:/ac6/systemworkbench/plugins/fr.ac6.mcu.externaltools.arm-none.win32_1.16.0.201807130628/tools/compiler/bin/../lib/gcc/arm-none-eabi/7.2.1/../../../../arm-none-eabi/lib/thumb/v7e-m/fpv4-sp/hard\libc_nano.a(lib_a-init.o)
 .ARM.attributes
                0x0000099a       0x34 c:/ac6/systemworkbench/plugins/fr.ac6.mcu.externaltools.arm-none.win32_1.16.0.201807130628/tools/compiler/bin/../lib/gcc/arm-none-eabi/7.2.1/../../../../arm-none-eabi/lib/thumb/v7e-m/fpv4-sp/hard\libc_nano.a(lib_a-snprintf.o)
 .ARM.attributes
                0x000009ce       0x34 c:/ac6/systemworkbench/plugins/fr.ac6.mcu.externaltools.arm-none.win32_1.16.0.201807130628/tools/compiler/bin/../lib/gcc/arm-none-eabi/7.2.1/../../../../arm-none-eabi/lib/thumb/v7e-m/fpv4-sp/hard\libc_nano.a(lib_a-sscanf.o)
 .ARM.attributes
                0x00000a02       0x34 c:/ac6/systemworkbench/plugins/fr.ac6.mcu.externaltools.arm-none.win32_1.16.0.201807130628/tools/compiler/bin/../lib/gcc/arm-none-eabi/7.2.1/../../../../arm-none-eabi/lib/thumb/v7e-m/fpv4-sp/hard\libc_nano.a(lib_a-stdio.o)
 .ARM.attributes
                0x00000a36       0x1b c:/ac6/systemworkbench/plugins/fr.ac6.mcu.externaltools.arm-none.win32_1.16.0.201807130628/tools/compiler/bin/../lib/gcc/arm-none-eabi/7.2.1/../../../../arm-none-eabi/lib/thumb/v7e-m/fpv4-sp/hard\libc_nano.a(lib_a-strlen.o)
 .ARM.attributes
                0x00000a51       0x34 c:/ac6/systemworkbench/plugins/fr.ac6.mcu.externaltools.arm-none.win32_1.16.0.201807130628/tools/compiler/bin/../lib/gcc/arm-none-eabi/7.2.1/../../../../arm-none-eabi/lib/thumb/v7e-m/fpv4-sp/hard\libc_nano.a(lib_a-nano-svfprintf.o)
 .ARM.attributes
                0x00000a85       0x34 c:/ac6/systemworkbench/plugins/fr.ac6.mcu.externaltools.arm-none.win32_1.16.0.201807130628/tools/compiler/bin/../lib/gcc/arm-none-eabi/7.2.1/../../../../arm-none-eabi/lib/thumb/v7e-m/fpv4-sp/hard\libc_nano.a(lib_a-nano-svfscanf.o)
 .ARM.attributes
                0x00000ab9       0x34 c:/ac6/systemworkbench/plugins/fr.ac6.mcu.externaltools.arm-none.win32_1.16.0.201807130628/tools/compiler/bin/../lib/gcc/arm-none-eabi/7.2.1/../../../../arm-none-eabi/lib/thumb/v7e-m/fpv4-sp/hard\libc_nano.a(lib_a-nano-vfprintf_i.o)
 .ARM.attributes
                0x00000aed       0x34 c:/ac6/systemworkbench/plugins/fr.ac6.mcu.externaltools.arm-none.win32_1.16.0.201807130628/tools/compiler/bin/../lib/gcc/arm-none-eabi/7.2.1/../../../../arm-none-eabi/lib/thumb/v7e-m/fpv4-sp/hard\libc_nano.a(lib_a-nano-vfscanf_i.o)
 .ARM.attributes
                0x00000b21       0x34 c:/ac6/systemworkbench/plugins/fr.ac6.mcu.externaltools.arm-none.win32_1.16.0.201807130628/tools/compiler/bin/../lib/gcc/arm-none-eabi/7.2.1/../../../../arm-none-eabi/lib/thumb/v7e-m/fpv4-sp/hard\libc_nano.a(lib_a-reent.o)
 .ARM.attributes
                0x00000b55       0x34 c:/ac6/systemworkbench/plugins/fr.ac6.mcu.externaltools.arm-none.win32_1.16.0.201807130628/tools/compiler/bin/../lib/gcc/arm-none-eabi/7.2.1/../../../../arm-none-eabi/lib/thumb/v7e-m/fpv4-sp/hard\libc_nano.a(lib_a-sccl.o)
 .ARM.attributes
                0x00000b89       0x34 c:/ac6/systemworkbench/plugins/fr.ac6.mcu.externaltools.arm-none.win32_1.16.0.201807130628/tools/compiler/bin/../lib/gcc/arm-none-eabi/7.2.1/../../../../arm-none-eabi/lib/thumb/v7e-m/fpv4-sp/hard\libc_nano.a(lib_a-strtol.o)
 .ARM.attributes
                0x00000bbd       0x34 c:/ac6/systemworkbench/plugins/fr.ac6.mcu.externaltools.arm-none.win32_1.16.0.201807130628/tools/compiler/bin/../lib/gcc/arm-none-eabi/7.2.1/../../../../arm-none-eabi/lib/thumb/v7e-m/fpv4-sp/hard\libc_nano.a(lib_a-strtoul.o)
 .ARM.attributes
                0x00000bf1       0x34 c:/ac6/systemworkbench/plugins/fr.ac6.mcu.externaltools.arm-none.win32_1.16.0.201807130628/tools/compiler/bin/../lib/gcc/arm-none-eabi/7.2.1/../../../../arm-none-eabi/lib/thumb/v7e-m/fpv4-sp/hard\libc_nano.a(lib_a-ungetc.o)
 .ARM.attributes
                0x00000c25       0x34 c:/ac6/systemworkbench/plugins/fr.ac6.mcu.externaltools.arm-none.win32_1.16.0.201807130628/tools/compiler/bin/../lib/gcc/arm-none-eabi/7.2.1/../../../../arm-none-eabi/lib/thumb/v7e-m/fpv4-sp/hard\libc_nano.a(lib_a-findfp.o)
 .ARM.attributes
                0x00000c59       0x34 c:/ac6/systemworkbench/plugins/fr.ac6.mcu.externaltools.arm-none.win32_1.16.0.201807130628/tools/compiler/bin/../lib/gcc/arm-none-eabi/7.2.1/../../../../arm-none-eabi/lib/thumb/v7e-m/fpv4-sp/hard\libc_nano.a(lib_a-locale.o)
 .ARM.attributes
                0x00000c8d       0x34 c:/ac6/systemworkbench/plugins/fr.ac6.mcu.externaltools.arm-none.win32_1.16.0.201807130628/tools/compiler/bin/../lib/gcc/arm-none-eabi/7.2.1/../../../../arm-none-eabi/lib/thumb/v7e-m/fpv4-sp/hard\libc_nano.a(lib_a-mbtowc_r.o)
 .ARM.attributes
                0x00000cc1       0x20 c:/ac6/systemworkbench/plugins/fr.ac6.mcu.externaltools.arm-none.win32_1.16.0.201807130628/tools/compiler/bin/../lib/gcc/arm-none-eabi/7.2.1/../../../../arm-none-eabi/lib/thumb/v7e-m/fpv4-sp/hard\libc_nano.a(lib_a-memchr.o)
 .ARM.attributes
                0x00000ce1       0x34 c:/ac6/systemworkbench/plugins/fr.ac6.mcu.externaltools.arm-none.win32_1.16.0.201807130628/tools/compiler/bin/../lib/gcc/arm-none-eabi/7.2.1/../../../../arm-none-eabi/lib/thumb/v7e-m/fpv4-sp/hard\libc_nano.a(lib_a-memcpy-stub.o)
 .ARM.attributes
                0x00000d15       0x34 c:/ac6/systemworkbench/plugins/fr.ac6.mcu.externaltools.arm-none.win32_1.16.0.201807130628/tools/compiler/bin/../lib/gcc/arm-none-eabi/7.2.1/../../../../arm-none-eabi/lib/thumb/v7e-m/fpv4-sp/hard\libc_nano.a(lib_a-memmove.o)
 .ARM.attributes
                0x00000d49       0x34 c:/ac6/systemworkbench/plugins/fr.ac6.mcu.externaltools.arm-none.win32_1.16.0.201807130628/tools/compiler/bin/../lib/gcc/arm-none-eabi/7.2.1/../../../../arm-none-eabi/lib/thumb/v7e-m/fpv4-sp/hard\libc_nano.a(lib_a-nano-freer.o)
 .ARM.attributes
                0x00000d7d       0x34 c:/ac6/systemworkbench/plugins/fr.ac6.mcu.externaltools.arm-none.win32_1.16.0.201807130628/tools/compiler/bin/../lib/gcc/arm-none-eabi/7.2.1/../../../../arm-none-eabi/lib/thumb/v7e-m/fpv4-sp/hard\libc_nano.a(lib_a-nano-mallocr.o)
 .ARM.attributes
                0x00000db1       0x34 c:/ac6/systemworkbench/plugins/fr.ac6.mcu.externaltools.arm-none.win32_1.16.0.201807130628/tools/compiler/bin/../lib/gcc/arm-none-eabi/7.2.1/../../../../arm-none-eabi/lib/thumb/v7e-m/fpv4-sp/hard\libc_nano.a(lib_a-nano-reallocr.o)
 .ARM.attributes
                0x00000de5       0x34 c:/ac6/systemworkbench/plugins/fr.ac6.mcu.externaltools.arm-none.win32_1.16.0.201807130628/tools/compiler/bin/../lib/gcc/arm-none-eabi/7.2.1/../../../../arm-none-eabi/lib/thumb/v7e-m/fpv4-sp/hard\libc_nano.a(lib_a-sbrkr.o)
 .ARM.attributes
                0x00000e19       0x34 c:/ac6/systemworkbench/plugins/fr.ac6.mcu.externaltools.arm-none.win32_1.16.0.201807130628/tools/compiler/bin/../lib/gcc/arm-none-eabi/7.2.1/../../../../arm-none-eabi/lib/thumb/v7e-m/fpv4-sp/hard\libc_nano.a(lib_a-wctomb_r.o)
 .ARM.attributes
                0x00000e4d       0x34 c:/ac6/systemworkbench/plugins/fr.ac6.mcu.externaltools.arm-none.win32_1.16.0.201807130628/tools/compiler/bin/../lib/gcc/arm-none-eabi/7.2.1/../../../../arm-none-eabi/lib/thumb/v7e-m/fpv4-sp/hard\libc_nano.a(lib_a-ctype_.o)
 .ARM.attributes
                0x00000e81       0x34 c:/ac6/systemworkbench/plugins/fr.ac6.mcu.externaltools.arm-none.win32_1.16.0.201807130628/tools/compiler/bin/../lib/gcc/arm-none-eabi/7.2.1/../../../../arm-none-eabi/lib/thumb/v7e-m/fpv4-sp/hard\libc_nano.a(lib_a-mlock.o)
 .ARM.attributes
                0x00000eb5       0x34 c:/ac6/systemworkbench/plugins/fr.ac6.mcu.externaltools.arm-none.win32_1.16.0.201807130628/tools/compiler/bin/../lib/gcc/arm-none-eabi/7.2.1/../../../../arm-none-eabi/lib/thumb/v7e-m/fpv4-sp/hard\libc_nano.a(lib_a-nano-msizer.o)
 .ARM.attributes
                0x00000ee9       0x34 c:/ac6/systemworkbench/plugins/fr.ac6.mcu.externaltools.arm-none.win32_1.16.0.201807130628/tools/compiler/bin/../lib/gcc/arm-none-eabi/7.2.1/../../../../arm-none-eabi/lib/thumb/v7e-m/fpv4-sp/hard\libnosys.a(sbrk.o)
 .ARM.attributes